Tests run: 12, Failures: 0, Errors: 0, Skipped: 0, Time elapsed: 0.387 s -- in org.eclipse.nebula.widgets.gallery.tests.AllTests
Tests run: 2, Failures: 0, Errors: 0, Skipped: 0, Time elapsed: 0.016 s -- in org.eclipse.nebula.widgets.gallery.tests.Bug280635Test
Tests run: 2, Failures: 0, Errors: 0, Skipped: 0, Time elapsed: 0.019 s -- in org.eclipse.nebula.widgets.gallery.tests.Bug212182Test
Tests run: 1, Failures: 0, Errors: 0, Skipped: 0, Time elapsed: 0.011 s -- in org.eclipse.nebula.widgets.gallery.tests.Bug276435Test
Tests run: 2, Failures: 0, Errors: 0, Skipped: 0, Time elapsed: 0.021 s -- in org.eclipse.nebula.widgets.gallery.tests.GalleryTest
Tests run: 1, Failures: 0, Errors: 0, Skipped: 0, Time elapsed: 0.017 s -- in org.eclipse.nebula.widgets.gallery.tests.Bug217988Test
Tests run: 2, Failures: 0, Errors: 0, Skipped: 0, Time elapsed: 0.033 s -- in org.eclipse.nebula.widgets.gallery.tests.GalleryVirtualBehaviorTest
Tests run: 2, Failures: 0, Errors: 0, Skipped: 0, Time elapsed: 0.042 s -- in org.eclipse.nebula.widgets.gallery.tests.Bug216204Test
Tests run: 24, Failures: 0, Errors: 0, Skipped: 0
Tests run: 6, Failures: 0, Errors: 0, Skipped: 0, Time elapsed: 0.504 s -- in org.eclipse.nebula.widgets.grid.GridVisibleRangeSupport_Test
Tests run: 7, Failures: 0, Errors: 0, Skipped: 0, Time elapsed: 0.158 s -- in org.eclipse.nebula.widgets.grid.GridFixedColumn_Test
Tests run: 13, Failures: 0, Errors: 0, Skipped: 0
Tests run: 5, Failures: 0, Errors: 0, Skipped: 0, Time elapsed: 0.075 s -- in org.eclipse.nebula.widgets.oscilloscope.OscilloscopeTest
Tests run: 5, Failures: 0, Errors: 0, Skipped: 0
Tests run: 1, Failures: 0, Errors: 0, Skipped: 0, Time elapsed: 0.021 s -- in org.eclipse.nebula.paperclips.core.GapBorderTest
Tests run: 3, Failures: 0, Errors: 0, Skipped: 0, Time elapsed: 0.021 s -- in org.eclipse.nebula.paperclips.core.AlignPrintTest
Tests run: 2, Failures: 0, Errors: 0, Skipped: 0, Time elapsed: 0.008 s -- in org.eclipse.nebula.paperclips.core.LayerEntryTest
Tests run: 3, Failures: 0, Errors: 0, Skipped: 0, Time elapsed: 0.013 s -- in org.eclipse.nebula.paperclips.core.internal.SWTUtilTest
Tests run: 9, Failures: 0, Errors: 0, Skipped: 0, Time elapsed: 0.007 s -- in org.eclipse.nebula.paperclips.core.internal.UtilTest
Tests run: 1, Failures: 0, Errors: 0, Skipped: 0, Time elapsed: 0.010 s -- in org.eclipse.nebula.paperclips.core.DefaultGridLookTest
Tests run: 1, Failures: 0, Errors: 0, Skipped: 0, Time elapsed: 0.004 s -- in org.eclipse.nebula.paperclips.core.SimplePageDecorationTest
Tests run: 1, Failures: 0, Errors: 0, Skipped: 0, Time elapsed: 0.005 s -- in org.eclipse.nebula.paperclips.core.DefaultPageNumberFormatTest
Tests run: 1, Failures: 0, Errors: 0, Skipped: 0, Time elapsed: 0.003 s -- in org.eclipse.nebula.paperclips.core.SeriesPrintTest
Tests run: 2, Failures: 0, Errors: 0, Skipped: 0, Time elapsed: 0.003 s -- in org.eclipse.nebula.paperclips.core.LineBreakPrintTest
Tests run: 1, Failures: 0, Errors: 0, Skipped: 0, Time elapsed: 0.005 s -- in org.eclipse.nebula.paperclips.core.PrintJobTest
Tests run: 2, Failures: 0, Errors: 0, Skipped: 0, Time elapsed: 0.003 s -- in org.eclipse.nebula.paperclips.core.BigPrintTest
Tests run: 1, Failures: 0, Errors: 0, Skipped: 0, Time elapsed: 0.003 s -- in org.eclipse.nebula.paperclips.core.RotatePrintTest
Tests run: 1, Failures: 0, Errors: 0, Skipped: 0, Time elapsed: 0.003 s -- in org.eclipse.nebula.paperclips.core.ScalePrintTest
Tests run: 2, Failures: 0, Errors: 0, Skipped: 0, Time elapsed: 0.003 s -- in org.eclipse.nebula.paperclips.core.NoBreakPrintTest
Tests run: 2, Failures: 0, Errors: 0, Skipped: 0, Time elapsed: 0.003 s -- in org.eclipse.nebula.paperclips.core.LinePrintTest
Tests run: 3, Failures: 0, Errors: 0, Skipped: 0, Time elapsed: 0.007 s -- in org.eclipse.nebula.paperclips.core.EmptyPrintTest
Tests run: 1, Failures: 0, Errors: 0, Skipped: 0, Time elapsed: 0.007 s -- in org.eclipse.nebula.paperclips.core.TextStyleTest
Tests run: 1, Failures: 0, Errors: 0, Skipped: 0, Time elapsed: 0.001 s -- in org.eclipse.nebula.paperclips.core.MarginsTest
Tests run: 2, Failures: 0, Errors: 0, Skipped: 0, Time elapsed: 0.006 s -- in org.eclipse.nebula.paperclips.core.PageNumberPrintTest
Tests run: 1, Failures: 0, Errors: 0, Skipped: 0, Time elapsed: 0.003 s -- in org.eclipse.nebula.paperclips.core.StyledTextPrintTest
Tests run: 2, Failures: 0, Errors: 0, Skipped: 0, Time elapsed: 0.003 s -- in org.eclipse.nebula.paperclips.core.ColumnPrintTest
Tests run: 1, Failures: 0, Errors: 0, Skipped: 0, Time elapsed: 0.004 s -- in org.eclipse.nebula.paperclips.core.PagePrintTest
Tests run: 1, Failures: 0, Errors: 0, Skipped: 0, Time elapsed: 0.001 s -- in org.eclipse.nebula.paperclips.core.TextPrintTest
Tests run: 5, Failures: 0, Errors: 0, Skipped: 0, Time elapsed: 0.009 s -- in org.eclipse.nebula.paperclips.core.grid.GridColumnTest
Tests run: 1, Failures: 0, Errors: 0, Skipped: 0, Time elapsed: 0.004 s -- in org.eclipse.nebula.paperclips.core.grid.GridCellTest
Tests run: 2, Failures: 0, Errors: 0, Skipped: 0, Time elapsed: 0.013 s -- in org.eclipse.nebula.paperclips.core.grid.GridPrintTest
Tests run: 1, Failures: 0, Errors: 0, Skipped: 0, Time elapsed: 0.002 s -- in org.eclipse.nebula.paperclips.core.PageNumberPageDecorationTest
Tests run: 1, Failures: 0, Errors: 0, Skipped: 0, Time elapsed: 0.004 s -- in org.eclipse.nebula.paperclips.core.LineBorderTest
Tests run: 3, Failures: 0, Errors: 0, Skipped: 0, Time elapsed: 0.004 s -- in org.eclipse.nebula.paperclips.core.BorderPrintTest
Tests run: 1, Failures: 0, Errors: 0, Skipped: 0, Time elapsed: 0.006 s -- in org.eclipse.nebula.paperclips.core.ImagePrintTest
Tests run: 1, Failures: 0, Errors: 0, Skipped: 0, Time elapsed: 0.002 s -- in org.eclipse.nebula.paperclips.core.LayerPrintTest
Tests run: 1, Failures: 0, Errors: 0, Skipped: 0, Time elapsed: 0.002 s -- in org.eclipse.nebula.paperclips.core.DefaultCellBackgroundProviderTest
Tests run: 2, Failures: 0, Errors: 0, Skipped: 0, Time elapsed: 0.002 s -- in org.eclipse.nebula.paperclips.core.BreakPrintTest
Tests run: 1, Failures: 0, Errors: 0, Skipped: 0, Time elapsed: 0.002 s -- in org.eclipse.nebula.paperclips.core.SidewaysPrintTest
Tests run: 2, Failures: 0, Errors: 0, Skipped: 0, Time elapsed: 0.005 s -- in org.eclipse.nebula.paperclips.core.BackgroundPrintTest
Tests run: 4, Failures: 0, Errors: 0, Skipped: 0, Time elapsed: 0.014 s -- in org.eclipse.nebula.paperclips.tests.benchmark.BenchmarkTest
Tests run: 2, Failures: 0, Errors: 0, Skipped: 0, Time elapsed: 0.001 s -- in org.eclipse.nebula.paperclips.tests.benchmark.StopClockTest
Tests run: 1, Failures: 0, Errors: 0, Skipped: 0, Time elapsed: 0.001 s -- in org.eclipse.nebula.paperclips.tests.benchmark.SystemClockTest
Tests run: 73, Failures: 0, Errors: 0, Skipped: 0
Tests run: 16, Failures: 0, Errors: 0, Skipped: 0, Time elapsed: 0.188 s -- in org.eclipse.nebula.widgets.radiogroup.RadioGroupTest
Tests run: 16, Failures: 0, Errors: 0, Skipped: 0
Tests run: 3, Failures: 0, Errors: 0, Skipped: 0, Time elapsed: 0.179 s -- in org.eclipse.nebula.widgets.tablecombo.TableComboTests
Tests run: 3, Failures: 0, Errors: 0, Skipped: 0, Time elapsed: 0.247 s -- in org.eclipse.nebula.widgets.tablecombo.TableComboViewerTests
Tests run: 6, Failures: 0, Errors: 0, Skipped: 0
Tests run: 2, Failures: 0, Errors: 0, Skipped: 0, Time elapsed: 0.270 s -- in org.eclipse.nebula.widgets.treemapper.tests.ProgrammaticTest
Tests run: 2, Failures: 0, Errors: 0, Skipped: 0
Tests run: 1, Failures: 0, Errors: 0, Skipped: 0, Time elapsed: 0.030 s -- in org.eclipse.nebula.widgets.xviewer.tests.DummyTest
Tests run: 1, Failures: 0, Errors: 0, Skipped: 0
Tests run: 11, Failures: 0, Errors: 0, Skipped: 0, Time elapsed: 0.084 s -- in org.eclipse.nebula.widgets.pagination.tests.PaginationHelperTestCase
Tests run: 11, Failures: 0, Errors: 0, Skipped: 0
Tests run: 9, Failures: 0, Errors: 0, Skipped: 0, Time elapsed: 0.025 s -- in org.eclipse.nebula.widgets.timeline.TimingTest
Tests run: 1, Failures: 0, Errors: 0, Skipped: 0, Time elapsed: 0.025 s -- in org.eclipse.nebula.widgets.timeline.tests.CursorTest
Tests run: 3, Failures: 0, Errors: 0, Skipped: 0, Time elapsed: 0.014 s -- in org.eclipse.nebula.widgets.timeline.tests.TimelineTest
Tests run: 8, Failures: 0, Errors: 0, Skipped: 0, Time elapsed: 0.018 s -- in org.eclipse.nebula.widgets.timeline.tests.TimelineEventTest
Tests run: 1, Failures: 0, Errors: 0, Skipped: 0, Time elapsed: 0.010 s -- in org.eclipse.nebula.widgets.timeline.tests.TrackTest
Tests run: 17, Failures: 0, Errors: 0, Skipped: 0, Time elapsed: 0.010 s -- in org.eclipse.nebula.widgets.timeline.tests.TimelineAllTests
Tests run: 17, Failures: 0, Errors: 0, Skipped: 0, Time elapsed: 0.006 s -- in org.eclipse.nebula.widgets.timeline.tests.TimelineTests
Tests run: 4, Failures: 0, Errors: 0, Skipped: 0, Time elapsed: 0.001 s -- in org.eclipse.nebula.widgets.timeline.tests.LaneTest
Tests run: 60, Failures: 0, Errors: 0, Skipped: 0
[INFO] nebula-parent 1.0.0-SNAPSHOT ....................... SUCCESS [  0.214 s]
[INFO] opal 1.0.0-SNAPSHOT ................................ SUCCESS [  0.007 s]
[INFO] commons 1.0.0-SNAPSHOT ............................. SUCCESS [  0.004 s]
[INFO] org.eclipse.nebula.widgets.opal.commons 1.0.0-SNAPSHOT SUCCESS [  4.569 s]
[INFO] badgedlabel 1.0.0-SNAPSHOT ......................... SUCCESS [  0.011 s]
[INFO] org.eclipse.nebula.widgets.badgedlabel 1.1.0-SNAPSHOT SUCCESS [  0.377 s]
[INFO] Commons Feature 1.0.0-SNAPSHOT ..................... SUCCESS [  0.244 s]
[INFO] Nebula Badged Label Feature 1.1.0-SNAPSHOT ......... SUCCESS [  0.667 s]
[INFO] org.eclipse.nebula.widgets.badgedlabel.snippets 1.0.0-SNAPSHOT SUCCESS [  0.590 s]
[INFO] carousel 1.0.0-SNAPSHOT ............................ SUCCESS [  0.009 s]
[INFO] org.eclipse.nebula.widgets.carousel 1.0.0-SNAPSHOT . SUCCESS [  0.279 s]
[INFO] Nebula Carousel Feature 1.0.0-SNAPSHOT ............. SUCCESS [  0.415 s]
[INFO] org.eclipse.nebula.widgets.carousel.snippets 1.0.0-SNAPSHOT SUCCESS [  0.428 s]
[INFO] cwt 1.1.0-SNAPSHOT ................................. SUCCESS [  0.015 s]
[INFO] org.eclipse.nebula.cwt 1.2.0-SNAPSHOT .............. SUCCESS [  0.669 s]
[INFO] cdatetime 1.5.1-SNAPSHOT ........................... SUCCESS [  0.004 s]
[INFO] org.eclipse.nebula.widgets.cdatetime 1.6.0-SNAPSHOT  SUCCESS [ 11.790 s]
[INFO] org.eclipse.nebula.jface.cdatetime 1.3.0-SNAPSHOT .. SUCCESS [  0.484 s]
[INFO] org.eclipse.nebula.examples 1.1.0-SNAPSHOT ......... SUCCESS [  0.851 s]
[INFO] org.eclipse.nebula.widgets.cdatetime.example 1.0.0-SNAPSHOT SUCCESS [  0.706 s]
[INFO] org.eclipse.nebula.widgets.cdatetime.snippets 1.0.0-SNAPSHOT SUCCESS [  0.392 s]
[INFO] org.eclipse.nebula.cwt.tests 1.0.0-SNAPSHOT ........ SUCCESS [  1.003 s]
[INFO] org.eclipse.nebula.widgets.cdatetime.css 1.0.0-SNAPSHOT SUCCESS [  0.591 s]
[INFO] org.eclipse.nebula.widgets.cdatetime.tests 1.0.0-SNAPSHOT SUCCESS [  1.368 s]
[INFO] org.eclipse.nebula.cwt.feature 1.2.0-SNAPSHOT ...... SUCCESS [  0.141 s]
[INFO] org.eclipse.nebula.widgets.cdatetime.feature 1.6.0-SNAPSHOT SUCCESS [  0.402 s]
[INFO] org.eclipse.nebula.widgets.cdatetime.example.e4 1.4.0-SNAPSHOT SUCCESS [  0.667 s]
[INFO] Nebula CDateTime CSS Feature 1.4.0-SNAPSHOT ........ SUCCESS [  0.223 s]
[INFO] chips 1.0.0-SNAPSHOT ............................... SUCCESS [  0.012 s]
[INFO] [bundle] Nebula Chips widget 2.0.0-SNAPSHOT ........ SUCCESS [  0.330 s]
[INFO] Nebula Chips Feature 1.0.0-SNAPSHOT ................ SUCCESS [  0.142 s]
[INFO] [bundle] Nebula Chips Snippets 1.0.0-SNAPSHOT ...... SUCCESS [  0.214 s]
[INFO] compositetable 1.0.0-SNAPSHOT ...................... SUCCESS [  0.004 s]
[INFO] org.eclipse.nebula.widgets.compositetable 1.1.0-SNAPSHOT SUCCESS [  0.531 s]
[INFO] org.eclipse.nebula.widgets.compositetable.tests 1.0.0-SNAPSHOT SUCCESS [  1.608 s]
[INFO] Nebula Composite Table Feature 1.1.0-SNAPSHOT ...... SUCCESS [  0.511 s]
[INFO] ctreecombo 1.0.0-SNAPSHOT .......................... SUCCESS [  0.011 s]
[INFO] org.eclipse.nebula.widgets.ctreecombo 1.0.0-SNAPSHOT SUCCESS [  2.381 s]
[INFO] CTreeCombo Feature 1.0.0-SNAPSHOT .................. SUCCESS [  0.436 s]
[INFO] org.eclipse.nebula.widgets.ctreecombo.snippets 1.0.0-SNAPSHOT SUCCESS [  2.639 s]
[INFO] org.eclipse.nebula.cwt.snippets 1.1.0-SNAPSHOT ..... SUCCESS [  1.333 s]
[INFO] effects 1.0.0-SNAPSHOT ............................. SUCCESS [  0.024 s]
[INFO] org.eclipse.nebula.effects.stw 1.0.0-SNAPSHOT ...... SUCCESS [  0.681 s]
[INFO] org.eclipse.nebula.effects.stw.example 1.0.0-SNAPSHOT SUCCESS [  1.682 s]
[INFO] Nebula State Transition Feature 1.0.0-SNAPSHOT ..... SUCCESS [  0.160 s]
[INFO] floatingtext 1.0.1-SNAPSHOT ........................ SUCCESS [  0.009 s]
[INFO] org.eclipse.nebula.widgets.floatingtext 1.0.1-SNAPSHOT SUCCESS [  0.467 s]
[INFO] org.eclipse.nebula.widgets.floatingtext.snippets 1.0.1-SNAPSHOT SUCCESS [  0.432 s]
[INFO] org.eclipse.nebula.widgets.floatingtext.feature 1.0.1-SNAPSHOT SUCCESS [  0.243 s]
[INFO] fontawesome 1.0.0-SNAPSHOT ......................... SUCCESS [  0.013 s]
[INFO] org.eclipse.nebula.widgets.fontawesome 1.0.0-SNAPSHOT SUCCESS [  0.339 s]
[INFO] Nebula FontAwesome Feature 1.0.0-SNAPSHOT .......... SUCCESS [  0.123 s]
[INFO] org.eclipse.nebula.widgets.fontawesome.snippets 1.0.0-SNAPSHOT SUCCESS [  0.353 s]
[INFO] formattedtext 1.0.0-SNAPSHOT ....................... SUCCESS [  0.004 s]
[INFO] org.eclipse.nebula.widgets.formattedtext 1.0.0-SNAPSHOT SUCCESS [  0.640 s]
[INFO] org.eclipse.nebula.widgets.formattedtext.tests 1.0.0-SNAPSHOT SUCCESS [  0.436 s]
[INFO] org.eclipse.nebula.widgets.formattedtext.feature 1.0.0-SNAPSHOT SUCCESS [  0.231 s]
[INFO] gallery 1.0.0-SNAPSHOT ............................. SUCCESS [  0.003 s]
[INFO] org.eclipse.nebula.widgets.gallery 1.1.0-SNAPSHOT .. SUCCESS [  0.254 s]
[INFO] org.eclipse.nebula.widgets.gallery.example 1.0.0-SNAPSHOT SUCCESS [  0.555 s]
[INFO] Nebula Gallery Feature 1.1.0-SNAPSHOT .............. SUCCESS [  0.134 s]
[INFO] org.eclipse.nebula.widgets.gallery.tests 1.0.0-SNAPSHOT SUCCESS [ 10.516 s]
[INFO] ganttchart 1.0.0-SNAPSHOT .......................... SUCCESS [  0.008 s]
[INFO] org.eclipse.nebula.widgets.ganttchart 1.1.0-SNAPSHOT SUCCESS [  3.830 s]
[INFO] org.eclipse.nebula.widgets.ganttchart.example 1.0.0-SNAPSHOT SUCCESS [  1.297 s]
[INFO] Nebula Ganttchart Widget 1.1.0-SNAPSHOT ............ SUCCESS [  0.074 s]
[INFO] geomap 1.0.0-SNAPSHOT .............................. SUCCESS [  0.002 s]
[INFO] org.eclipse.nebula.widgets.geomap 1.1.0-SNAPSHOT ... SUCCESS [ 28.827 s]
[INFO] org.eclipse.nebula.widgets.geomap.example 1.0.0-SNAPSHOT SUCCESS [  0.477 s]
[INFO] org.eclipse.nebula.widgets.geomap.feature 1.1.0-SNAPSHOT SUCCESS [  0.069 s]
[INFO] org.eclipse.nebula.widgets.geomap.snippets 1.0.0-SNAPSHOT SUCCESS [  0.245 s]
[INFO] grid 1.1.0-SNAPSHOT ................................ SUCCESS [  0.003 s]
[INFO] [bundle] Nebula Grid 1.2.1-SNAPSHOT ................ SUCCESS [  0.996 s]
[INFO] org.eclipse.nebula.widgets.grid.example 1.1.0-SNAPSHOT SUCCESS [  0.593 s]
[INFO] Nebula Grid Feature 1.1.0-SNAPSHOT ................. SUCCESS [  0.104 s]
[INFO] org.eclipse.nebula.widgets.grid.css 1.1.0-SNAPSHOT . SUCCESS [  0.512 s]
[INFO] Nebula Grid CSS Feature 1.1.0-SNAPSHOT ............. SUCCESS [  0.172 s]
[INFO] org.eclipse.nebula.widgets.grid.example.e4 1.1.0-SNAPSHOT SUCCESS [ 11.282 s]
[INFO] org.eclipse.nebula.widgets.grid.test 0.4.0-SNAPSHOT  SUCCESS [  8.209 s]
[INFO] led 1.0.0-SNAPSHOT ................................. SUCCESS [  0.006 s]
[INFO] org.eclipse.nebula.widgets.led 1.1.0-SNAPSHOT ...... SUCCESS [  0.302 s]
[INFO] Nebula Badged Label Feature 1.1.0-SNAPSHOT ......... SUCCESS [  0.112 s]
[INFO] org.eclipse.nebula.widgets.led.snippets 1.1.0-SNAPSHOT SUCCESS [  0.410 s]
[INFO] nebulaslider 1.1.0-SNAPSHOT ........................ SUCCESS [  0.010 s]
[INFO] org.eclipse.nebula.widgets.nebulaslider 1.1.0-SNAPSHOT SUCCESS [  0.360 s]
[INFO] Nebula Slider Feature 1.1.0-SNAPSHOT ............... SUCCESS [  0.104 s]
[INFO] org.eclipse.nebula.widgets.nebulaslider.snippets 1.1.0-SNAPSHOT SUCCESS [  0.313 s]
[INFO] breadcrumb 1.0.0-SNAPSHOT .......................... SUCCESS [  0.003 s]
[INFO] org.eclipse.nebula.widgets.opal.breadcrumb 1.0.0-SNAPSHOT SUCCESS [  0.989 s]
[INFO] Breadcrumb Feature 1.0.0-SNAPSHOT .................. SUCCESS [  0.102 s]
[INFO] org.eclipse.nebula.widgets.opal.breadcrumb.snippets 1.0.0-SNAPSHOT SUCCESS [  0.342 s]
[INFO] checkboxgroup 1.0.0-SNAPSHOT ....................... SUCCESS [  0.003 s]
[INFO] org.eclipse.nebula.widgets.opal.checkboxgroup 1.0.0-SNAPSHOT SUCCESS [  0.244 s]
[INFO] CheckboxgroupFeature 1.0.0-SNAPSHOT ................ SUCCESS [  0.093 s]
[INFO] org.eclipse.nebula.widgets.opal.checkboxgroup.snippets 1.0.0-SNAPSHOT SUCCESS [  0.289 s]
[INFO] columnbrowser 1.0.0-SNAPSHOT ....................... SUCCESS [  0.005 s]
[INFO] org.eclipse.nebula.widgets.opal.columnbrowser 1.0.0-SNAPSHOT SUCCESS [  0.304 s]
[INFO] ColumnBrowser Feature 1.0.0-SNAPSHOT ............... SUCCESS [  0.114 s]
[INFO] dialog 1.0.0-SNAPSHOT .............................. SUCCESS [  0.004 s]
[INFO] org.eclipse.nebula.widgets.opal.dialog 1.1.0-SNAPSHOT SUCCESS [  0.438 s]
[INFO] org.eclipse.nebula.widgets.opal.columnbrowser.snippets 1.0.0-SNAPSHOT SUCCESS [  0.359 s]
[INFO] Dialog Feature 1.1.0-SNAPSHOT ...................... SUCCESS [  0.088 s]
[INFO] org.eclipse.nebula.widgets.opal.dialog.snippets 1.0.0-SNAPSHOT SUCCESS [  0.300 s]
[INFO] duallist 1.0.0-SNAPSHOT ............................ SUCCESS [  0.005 s]
[INFO] org.eclipse.nebula.widgets.opal.duallist 1.0.0-SNAPSHOT SUCCESS [  0.295 s]
[INFO] Duallist Feature 1.0.0-SNAPSHOT .................... SUCCESS [  0.077 s]
[INFO] org.eclipse.nebula.widgets.opal.duallist.snippets 1.0.0-SNAPSHOT SUCCESS [  0.341 s]
[INFO] header 1.0.0-SNAPSHOT .............................. SUCCESS [  0.004 s]
[INFO] org.eclipse.nebula.widgets.opal.header 1.1.0-SNAPSHOT SUCCESS [  0.700 s]
[INFO] Header Feature 1.1.0-SNAPSHOT ...................... SUCCESS [  0.075 s]
[INFO] org.eclipse.nebula.widgets.opal.header.snippets 1.0.0-SNAPSHOT SUCCESS [  0.233 s]
[INFO] heapmanager 1.0.0-SNAPSHOT ......................... SUCCESS [  0.003 s]
[INFO] org.eclipse.nebula.widgets.opal.heapmanager 1.0.0-SNAPSHOT SUCCESS [  0.214 s]
[INFO] HeapManagerFeature 1.0.0-SNAPSHOT .................. SUCCESS [  0.089 s]
[INFO] org.eclipse.nebula.widgets.opal.heapmanager.snippets 1.0.0-SNAPSHOT SUCCESS [  0.285 s]
[INFO] logindialog 1.0.0-SNAPSHOT ......................... SUCCESS [  0.006 s]
[INFO] org.eclipse.nebula.widgets.opal.logindialog 1.1.0-SNAPSHOT SUCCESS [  0.287 s]
[INFO] PromptSupport Feature 1.1.0-SNAPSHOT ............... SUCCESS [  0.071 s]
[INFO] org.eclipse.nebula.widgets.opal.logindialog.snippets 1.0.0-SNAPSHOT SUCCESS [  0.260 s]
[INFO] multichoice 1.1.0-SNAPSHOT ......................... SUCCESS [  0.004 s]
[INFO] org.eclipse.nebula.widgets.opal.multichoice 1.1.0-SNAPSHOT SUCCESS [  0.269 s]
[INFO] Multichoice Feature 1.1.0-SNAPSHOT ................. SUCCESS [  0.080 s]
[INFO] org.eclipse.nebula.widgets.opal.multichoice.snippets 1.1.0-SNAPSHOT SUCCESS [  0.310 s]
[INFO] notifier 1.0.0-SNAPSHOT ............................ SUCCESS [  0.004 s]
[INFO] org.eclipse.nebula.widgets.opal.notifier 1.1.0-SNAPSHOT SUCCESS [  0.345 s]
[INFO] Notifier Feature 1.1.0-SNAPSHOT .................... SUCCESS [  0.058 s]
[INFO] org.eclipse.nebula.widgets.opal.notifier.snippets 1.0.0-SNAPSHOT SUCCESS [  0.177 s]
[INFO] titledseparator 1.0.0-SNAPSHOT ..................... SUCCESS [  0.006 s]
[INFO] org.eclipse.nebula.widgets.opal.titledseparator 1.1.0-SNAPSHOT SUCCESS [  0.180 s]
[INFO] preferencewindow 1.0.0-SNAPSHOT .................... SUCCESS [  0.003 s]
[INFO] org.eclipse.nebula.widgets.opal.preferencewindow 1.1.0-SNAPSHOT SUCCESS [  0.400 s]
[INFO] TitledSeparator Feature 1.1.0-SNAPSHOT ............. SUCCESS [  0.135 s]
[INFO] Preference Window Feature 1.1.0-SNAPSHOT ........... SUCCESS [  0.081 s]
[INFO] org.eclipse.nebula.widgets.opal.preferencewindow.snippets 1.0.0-SNAPSHOT SUCCESS [  0.241 s]
[INFO] promptsupport 1.0.0-SNAPSHOT ....................... SUCCESS [  0.003 s]
[INFO] org.eclipse.nebula.widgets.opal.promptsupport 1.0.0-SNAPSHOT SUCCESS [  0.229 s]
[INFO] PromptSupport Feature 1.0.0-SNAPSHOT ............... SUCCESS [  0.082 s]
[INFO] org.eclipse.nebula.widgets.opal.promptsupport.snippets 1.0.0-SNAPSHOT SUCCESS [  0.286 s]
[INFO] propertytable 1.0.2-SNAPSHOT ....................... SUCCESS [  0.006 s]
[INFO] org.eclipse.nebula.widgets.opal.propertytable 1.1.0-SNAPSHOT SUCCESS [  0.475 s]
[INFO] Property Table Feature 1.1.0-SNAPSHOT .............. SUCCESS [  0.093 s]
[INFO] org.eclipse.nebula.widgets.opal.propertytable.snippets 1.0.2-SNAPSHOT SUCCESS [  0.315 s]
[INFO] rangeslider 1.0.0-SNAPSHOT ......................... SUCCESS [  0.007 s]
[INFO] org.eclipse.nebula.widgets.opal.rangeslider 1.0.0-SNAPSHOT SUCCESS [  0.243 s]
[INFO] Range Slider Feature 1.0.0-SNAPSHOT ................ SUCCESS [  0.061 s]
[INFO] org.eclipse.nebula.widgets.opal.rangeslider.snippets 1.0.0-SNAPSHOT SUCCESS [  0.250 s]
[INFO] starrating 1.0.0-SNAPSHOT .......................... SUCCESS [  0.012 s]
[INFO] org.eclipse.nebula.widgets.opal.starrating 1.0.0-SNAPSHOT SUCCESS [  0.725 s]
[INFO] Star Rating Feature 1.0.0-SNAPSHOT ................. SUCCESS [  0.076 s]
[INFO] org.eclipse.nebula.widgets.opal.starrating.snippets 1.0.0-SNAPSHOT SUCCESS [  0.232 s]
[INFO] textassist 1.0.0-SNAPSHOT .......................... SUCCESS [  0.002 s]
[INFO] org.eclipse.nebula.widgets.opal.textassist 1.0.0-SNAPSHOT SUCCESS [  0.214 s]
[INFO] TextAssist Feature 1.0.0-SNAPSHOT .................. SUCCESS [  0.072 s]
[INFO] org.eclipse.nebula.widgets.opal.textassist.snippets 1.0.0-SNAPSHOT SUCCESS [  0.213 s]
[INFO] tipoftheday 1.0.0-SNAPSHOT ......................... SUCCESS [  0.003 s]
[INFO] org.eclipse.nebula.widgets.opal.tipoftheday 1.0.0-SNAPSHOT SUCCESS [  0.198 s]
[INFO] Header Feature 1.0.0-SNAPSHOT ...................... SUCCESS [  0.091 s]
[INFO] org.eclipse.nebula.widgets.opal.tipoftheday.snippets 1.0.0-SNAPSHOT SUCCESS [  0.290 s]
[INFO] org.eclipse.nebula.widgets.opal.titledseparator.snippets 1.0.0-SNAPSHOT SUCCESS [  0.200 s]
[INFO] roundedtoolbar 1.0.0-SNAPSHOT ...................... SUCCESS [  0.002 s]
[INFO] org.eclipse.nebula.widgets.opal.roundedtoolbar 1.0.0-SNAPSHOT SUCCESS [  0.254 s]
[INFO] Header Feature 1.0.0-SNAPSHOT ...................... SUCCESS [  0.065 s]
[INFO] org.eclipse.nebula.widgets.opal.roundedtoolbar.snippets 1.0.0-SNAPSHOT SUCCESS [  0.233 s]
[INFO] calculator 1.0.0-SNAPSHOT .......................... SUCCESS [  0.002 s]
[INFO] org.eclipse.nebula.widgets.opal.calculator 1.1.0-SNAPSHOT SUCCESS [  0.216 s]
[INFO] Calculator Feature 1.1.0-SNAPSHOT .................. SUCCESS [  0.142 s]
[INFO] org.eclipse.nebula.widgets.opal.calculator.snippets 1.0.0-SNAPSHOT SUCCESS [  0.244 s]
[INFO] horizontalspinner 1.0.0-SNAPSHOT ................... SUCCESS [  0.004 s]
[INFO] org.eclipse.nebula.widgets.opal.horizontalspinner 1.0.0-SNAPSHOT SUCCESS [  0.216 s]
[INFO] horizontalspinner Feature 1.0.0-SNAPSHOT ........... SUCCESS [  0.055 s]
[INFO] org.eclipse.nebula.widgets.opal.horizontalspinner.snippets 1.0.0-SNAPSHOT SUCCESS [  0.188 s]
[INFO] launcher 1.0.0-SNAPSHOT ............................ SUCCESS [  0.003 s]
[INFO] org.eclipse.nebula.widgets.opal.launcher 1.0.0-SNAPSHOT SUCCESS [  0.261 s]
[INFO] Launcher Feature 1.0.0-SNAPSHOT .................... SUCCESS [  0.141 s]
[INFO] org.eclipse.nebula.widgets.opal.launcher.snippets 1.0.0-SNAPSHOT SUCCESS [  0.275 s]
[INFO] panels 1.0.0-SNAPSHOT .............................. SUCCESS [  0.003 s]
[INFO] org.eclipse.nebula.widgets.opal.panels 1.0.0-SNAPSHOT SUCCESS [  0.238 s]
[INFO] Panels Feature 1.0.0-SNAPSHOT ...................... SUCCESS [  0.055 s]
[INFO] org.eclipse.nebula.widgets.opal.panels.snippets 1.0.0-SNAPSHOT SUCCESS [  0.198 s]
[INFO] switchbutton 1.0.0-SNAPSHOT ........................ SUCCESS [  0.002 s]
[INFO] org.eclipse.nebula.widgets.opal.switchbutton 1.0.0-SNAPSHOT SUCCESS [  0.296 s]
[INFO] SwitchButton Feature 1.0.0-SNAPSHOT ................ SUCCESS [  0.199 s]
[INFO] org.eclipse.nebula.widgets.opal.switchbutton.snippets 1.0.0-SNAPSHOT SUCCESS [  0.309 s]
[INFO] oscilloscope 1.4.0-SNAPSHOT ........................ SUCCESS [  0.004 s]
[INFO] org.eclipse.nebula.widgets.oscilloscope 1.5.0-SNAPSHOT SUCCESS [  0.252 s]
[INFO] org.eclipse.nebula.widgets.oscilloscope.example 1.0.1-SNAPSHOT SUCCESS [  0.949 s]
[INFO] org.eclipse.nebula.widgets.oscilloscope.tests 1.0.0-SNAPSHOT SUCCESS [  8.355 s]
[INFO] Nebula Oscilloscope Widget 1.5.0-SNAPSHOT .......... SUCCESS [  0.091 s]
[INFO] org.eclipse.nebula.widgets.oscilloscope.css 1.4.0-SNAPSHOT SUCCESS [  0.518 s]
[INFO] org.eclipse.nebula.widgets.oscilloscope.example.e4 1.4.0-SNAPSHOT SUCCESS [  0.746 s]
[INFO] Nebula Oscilloscope CSS Feature 1.4.0-SNAPSHOT ..... SUCCESS [  0.144 s]
[INFO] paperclips 2.1.0-SNAPSHOT .......................... SUCCESS [  0.003 s]
[INFO] org.eclipse.nebula.paperclips.core 2.2.0-SNAPSHOT .. SUCCESS [  1.361 s]
[INFO] org.eclipse.nebula.paperclips.widgets 2.1.0-SNAPSHOT SUCCESS [  0.333 s]
[INFO] Nebula paperclips snippets 2.1.0-SNAPSHOT .......... SUCCESS [  0.381 s]
[INFO] org.eclipse.nebula.paperclips.tests 2.1.0-SNAPSHOT . SUCCESS [  8.606 s]
[INFO] Nebula Examples View Feature 2.2.0-SNAPSHOT ........ SUCCESS [  0.149 s]
[INFO] Nebula Paperclips Example 2.1.0-SNAPSHOT ........... SUCCESS [  0.695 s]
[INFO] passwordrevealer 1.0.0-SNAPSHOT .................... SUCCESS [  0.004 s]
[INFO] org.eclipse.nebula.widgets.passwordrevealer 1.1.0-SNAPSHOT SUCCESS [  0.298 s]
[INFO] Password Revealer Feature 1.1.0-SNAPSHOT ........... SUCCESS [  0.091 s]
[INFO] org.eclipse.nebula.widgets.passwordrevealer.snippets 1.0.0-SNAPSHOT SUCCESS [  0.351 s]
[INFO] pgroup 1.0.0-SNAPSHOT .............................. SUCCESS [  0.003 s]
[INFO] org.eclipse.nebula.widgets.pgroup 1.0.0-SNAPSHOT ... SUCCESS [  0.364 s]
[INFO] org.eclipse.nebula.widgets.pgroup.example 1.0.0-SNAPSHOT SUCCESS [  0.648 s]
[INFO] Nebula PGroup Feature 1.0.0-SNAPSHOT ............... SUCCESS [  0.160 s]
[INFO] progresscircle 1.0.0-SNAPSHOT ...................... SUCCESS [  0.006 s]
[INFO] org.eclipse.nebula.widgets.progresscircle 1.1.0-SNAPSHOT SUCCESS [  0.311 s]
[INFO] Progress Circle Feature 1.1.0-SNAPSHOT ............. SUCCESS [  0.091 s]
[INFO] org.eclipse.nebula.widgets.progresscircle.snippets 1.1.0-SNAPSHOT SUCCESS [  0.384 s]
[INFO] pshelf 1.0.0-SNAPSHOT .............................. SUCCESS [  0.003 s]
[INFO] org.eclipse.nebula.widgets.pshelf 1.2.0-SNAPSHOT ... SUCCESS [  0.353 s]
[INFO] org.eclipse.nebula.widgets.pshelf.example 1.0.0-SNAPSHOT SUCCESS [  0.521 s]
[INFO] org.eclipse.nebula.widgets.pshelf.css 1.1.0-SNAPSHOT SUCCESS [  0.478 s]
[INFO] Nebula PShelf Feature 1.1.0-SNAPSHOT ............... SUCCESS [  0.119 s]
[INFO] Nebula PShelf CSS Feature 1.1.0-SNAPSHOT ........... SUCCESS [  0.140 s]
[INFO] radiogroup 1.0.0-SNAPSHOT .......................... SUCCESS [  0.003 s]
[INFO] org.eclipse.nebula.widgets.radiogroup 1.0.0-SNAPSHOT SUCCESS [  0.517 s]
[INFO] org.eclipse.nebula.widgets.radiogroup.example 1.0.0-SNAPSHOT SUCCESS [  0.599 s]
[INFO] org.eclipse.nebula.widgets.radiogroup.tests 1.0.0-SNAPSHOT SUCCESS [ 10.705 s]
[INFO] org.eclipse.nebula.widgets.radiogroup.feature 1.0.0-SNAPSHOT SUCCESS [  0.222 s]
[INFO] richtext 1.0.0-SNAPSHOT ............................ SUCCESS [  0.003 s]
[INFO] org.eclipse.nebula.widgets.richtext 1.7.0-SNAPSHOT . SUCCESS [  0.957 s]
[INFO] org.eclipse.nebula.widgets.richtext.example 1.7.0-SNAPSHOT SUCCESS [  0.413 s]
[INFO] org.eclipse.nebula.widgets.richtext.example.e4 1.7.0-SNAPSHOT SUCCESS [  0.405 s]
[INFO] Nebula RichText Widget 1.7.0-SNAPSHOT .............. SUCCESS [  0.177 s]
[INFO] roundedcheckbox 1.0.0-SNAPSHOT ..................... SUCCESS [  0.005 s]
[INFO] org.eclipse.nebula.widgets.roundedcheckbox 1.1.0-SNAPSHOT SUCCESS [  0.288 s]
[INFO] RoundedCheckbox Feature 1.1.0-SNAPSHOT ............. SUCCESS [  0.083 s]
[INFO] org.eclipse.nebula.widgets.roundedcheckbox.snippets 1.0.0-SNAPSHOT SUCCESS [  0.285 s]
[INFO] roundedswitch 1.0.0-SNAPSHOT ....................... SUCCESS [  0.003 s]
[INFO] org.eclipse.nebula.widgets.roundedswitch 1.1.0-SNAPSHOT SUCCESS [  0.264 s]
[INFO] Nebula Rounded Switch widget Feature 1.1.0-SNAPSHOT  SUCCESS [  0.098 s]
[INFO] org.eclipse.nebula.widgets.roundedswitch.snippets 1.0.0-SNAPSHOT SUCCESS [  1.007 s]
[INFO] org.eclipse.nebula.widgets.roundedswitch.css 1.0.0-SNAPSHOT SUCCESS [  0.380 s]
[INFO] org.eclipse.nebula.widgets.roundedswitch.example.e4 1.0.0-SNAPSHOT SUCCESS [  0.366 s]
[INFO] Nebula RoundedSwitch CSS Feature 1.0.0-SNAPSHOT .... SUCCESS [  0.136 s]
[INFO] segmentedbar 1.0.0-SNAPSHOT ........................ SUCCESS [  0.002 s]
[INFO] org.eclipse.nebula.widgets.segmentedbar 1.0.0-SNAPSHOT SUCCESS [  0.306 s]
[INFO] Nebula Segmented Bar widget Feature 1.0.0-SNAPSHOT . SUCCESS [  0.066 s]
[INFO] org.eclipse.nebula.widgets.segmentedbar.snippets 1.1.0-SNAPSHOT SUCCESS [  0.211 s]
[INFO] splitbutton 1.0.0-SNAPSHOT ......................... SUCCESS [  0.002 s]
[INFO] org.eclipse.nebula.widgets.splitbutton 1.0.0-SNAPSHOT SUCCESS [  0.185 s]
[INFO] Nebula SplitButton Feature 1.0.0-SNAPSHOT .......... SUCCESS [  0.068 s]
[INFO] org.eclipse.nebula.widgets.splitbutton.snippets 1.0.0-SNAPSHOT SUCCESS [  0.220 s]
[INFO] stepbar 1.0.0-SNAPSHOT ............................. SUCCESS [  0.002 s]
[INFO] org.eclipse.nebula.widgets.stepbar 1.0.0-SNAPSHOT .. SUCCESS [  0.343 s]
[INFO] Nebula Badged Label Feature 1.0.0-SNAPSHOT ......... SUCCESS [  0.058 s]
[INFO] org.eclipse.nebula.widgets.stepbar.snippets 1.0.0-SNAPSHOT SUCCESS [  0.170 s]
[INFO] tablecombo 1.3.0-SNAPSHOT .......................... SUCCESS [  0.002 s]
[INFO] org.eclipse.nebula.widgets.tablecombo 1.3.0-SNAPSHOT SUCCESS [  0.274 s]
[INFO] org.eclipse.nebula.widgets.tablecombo.example 1.3.0-SNAPSHOT SUCCESS [  0.297 s]
[INFO] Nebula TableCombo Feature 1.3.0-SNAPSHOT ........... SUCCESS [  0.053 s]
[INFO] org.eclipse.nebula.widgets.tablecombo.snippets 1.3.0-SNAPSHOT SUCCESS [  0.229 s]
[INFO] org.eclipse.nebula.widgets.tablecombo.test 1.3.0-SNAPSHOT SUCCESS [01:03 min]
[INFO] org.eclipse.nebula.widgets.tablecombo.css 1.3.0-SNAPSHOT SUCCESS [  0.308 s]
[INFO] org.eclipse.nebula.widgets.tablecombo.example.e4 1.3.0-SNAPSHOT SUCCESS [  0.338 s]
[INFO] Nebula Tablecombo CSS Feature 1.3.0-SNAPSHOT ....... SUCCESS [  0.179 s]
[INFO] tiles 1.0.0-SNAPSHOT ............................... SUCCESS [  0.002 s]
[INFO] org.eclipse.nebula.widgets.tiles 1.1.0-SNAPSHOT .... SUCCESS [  0.311 s]
[INFO] Nebula Tiles widget Feature 1.1.0-SNAPSHOT ......... SUCCESS [  0.076 s]
[INFO] org.eclipse.nebula.widgets.tiles.snippets 1.1.0-SNAPSHOT SUCCESS [  0.350 s]
[INFO] treemapper 1.0.0-SNAPSHOT .......................... SUCCESS [  0.005 s]
[INFO] org.eclipse.nebula.widgets.treemapper 1.0.0-SNAPSHOT SUCCESS [  0.290 s]
[INFO] org.eclipse.nebula.widgets.treemapper.examples 1.1.0-SNAPSHOT SUCCESS [  0.565 s]
[INFO] org.eclipse.nebula.widgets.treemapper.tests 1.0.0-SNAPSHOT SUCCESS [  9.344 s]
[INFO] org.eclipse.nebula.widgets.treemapper.feature 1.0.0-SNAPSHOT SUCCESS [  0.106 s]
[INFO] visualization 2.1.0-SNAPSHOT ....................... SUCCESS [  0.003 s]
[INFO] Nebula Visualization XY-Graph 3.2.0-SNAPSHOT ....... SUCCESS [  1.629 s]
[INFO] Nebula Visualization Widgets 1.1.0-SNAPSHOT ........ SUCCESS [  1.174 s]
[INFO] Nebula Visualization 2.2.0-SNAPSHOT ................ SUCCESS [  0.301 s]
[INFO] Nebula Visualization XY-Graph Example 1.1.0-SNAPSHOT SUCCESS [  1.035 s]
[INFO] org.eclipse.nebula.visualization.example 1.0.0-SNAPSHOT SUCCESS [  0.572 s]
[INFO] xviewer 1.1.0-SNAPSHOT ............................. SUCCESS [  0.002 s]
[INFO] org.eclipse.nebula.widgets.xviewer.core 1.0.0-SNAPSHOT SUCCESS [  0.676 s]
[INFO] org.eclipse.nebula.widgets.xviewer 1.1.0-SNAPSHOT .. SUCCESS [  2.684 s]
[INFO] org.eclipse.nebula.widgets.xviewer.example 1.0.0-SNAPSHOT SUCCESS [  3.482 s]
[INFO] org.eclipse.nebula.widgets.xviewer.tests 1.0.0-SNAPSHOT SUCCESS [ 15.153 s]
[INFO] Nebula XViewer Feature 1.1.0-SNAPSHOT .............. SUCCESS [  0.306 s]
[INFO] calendarcombo 1.0.0-SNAPSHOT ....................... SUCCESS [  0.007 s]
[INFO] org.eclipse.nebula.widgets.calendarcombo 1.1.0-SNAPSHOT SUCCESS [  1.912 s]
[INFO] org.eclipse.nebula.widgets.calendarcombo.example 1.0.0-SNAPSHOT SUCCESS [  0.464 s]
[INFO] Nebula Calendar Combo Feature 1.1.0-SNAPSHOT ....... SUCCESS [  0.093 s]
[INFO] collapsiblebuttons 1.0.0-SNAPSHOT .................. SUCCESS [  0.002 s]
[INFO] Collapsible Buttons Widget 1.1.0-SNAPSHOT .......... SUCCESS [  0.345 s]
[INFO] org.eclipse.nebula.widgets.collapsiblebuttons.example 1.0.0-SNAPSHOT SUCCESS [  0.632 s]
[INFO] Eclipse Collabsible Buttons Feature 1.1.0-SNAPSHOT . SUCCESS [  0.151 s]
[INFO] datechooser 1.0.0-SNAPSHOT ......................... SUCCESS [  0.002 s]
[INFO] org.eclipse.nebula.widgets.datechooser 1.1.0-SNAPSHOT SUCCESS [  0.439 s]
[INFO] org.eclipse.nebula.widgets.datechooser.example 1.0.0-SNAPSHOT SUCCESS [  0.456 s]
[INFO] org.eclipse.nebula.widgets.datechooser.feature 1.1.0-SNAPSHOT SUCCESS [  0.080 s]
[INFO] pagination 1.0.0-SNAPSHOT .......................... SUCCESS [  0.002 s]
[INFO] org.eclipse.nebula.widgets.pagination 1.0.0-SNAPSHOT SUCCESS [  0.518 s]
[INFO] org.eclipse.nebula.widgets.pagination.example 1.0.0-SNAPSHOT SUCCESS [  0.651 s]
[INFO] Nebula Pagination Control 1.0.0-SNAPSHOT ........... SUCCESS [  0.184 s]
[INFO] org.eclipse.nebula.widgets.pagination.snippets 1.0.0-SNAPSHOT SUCCESS [  0.527 s]
[INFO] org.eclipse.nebula.widgets.pagination.tests 1.0.0-SNAPSHOT SUCCESS [  7.701 s]
[INFO] picture 1.0.0-SNAPSHOT ............................. SUCCESS [  0.005 s]
[INFO] org.eclipse.nebula.widgets.picture 1.0.0-SNAPSHOT .. SUCCESS [  0.380 s]
[INFO] org.eclipse.nebula.widgets.picture.example 1.0.0-SNAPSHOT SUCCESS [  0.609 s]
[INFO] Nebula Picture Control 1.0.0-SNAPSHOT .............. SUCCESS [  0.084 s]
[INFO] org.eclipse.nebula.widgets.picture.snippets 1.0.0-SNAPSHOT SUCCESS [  0.235 s]
[INFO] timeline 0.1.0-SNAPSHOT ............................ SUCCESS [  0.003 s]
[INFO] org.eclipse.nebula.widgets.timeline 0.1.0-SNAPSHOT . SUCCESS [  0.723 s]
[INFO] org.eclipse.nebula.widgets.timeline.example 0.1.0-SNAPSHOT SUCCESS [  0.490 s]
[INFO] org.eclipse.nebula.widgets.timeline.tests 0.1.0-SNAPSHOT SUCCESS [  7.137 s]
[INFO] org.eclipse.nebula.widgets.timeline.feature 0.1.0-SNAPSHOT SUCCESS [  0.115 s]
[INFO] Nebula Examples View Feature 1.1.0-SNAPSHOT ........ SUCCESS [  0.303 s]
[INFO] Eclipse Nebula Feature 3.5.0-SNAPSHOT .............. SUCCESS [  0.676 s]
[INFO] Nebula Examples Feature 1.1.0-SNAPSHOT ............. SUCCESS [  0.702 s]
[INFO] Eclipse Nebula Feature 1.0.0-SNAPSHOT .............. SUCCESS [  0.137 s]
[INFO] Nebula Examples View Feature 1.0.0-SNAPSHOT ........ SUCCESS [  0.192 s]
[INFO] Eclipse Nebula Updates 1.0.0-SNAPSHOT .............. SUCCESS [  7.326 s]
[INFO] nebula-root 1.0.0-SNAPSHOT ......................... SUCCESS [  0.001 s]
[INFO] BUILD SUCCESS
