[INFO] Scanning for projects...
[INFO] 
[INFO] ---------< com.synexia.recipe:nebula-fixture-writer-rehearsal >---------
[INFO] Building nebula-fixture-writer-rehearsal 1.0-SNAPSHOT
[INFO]   from pom.xml
[INFO] --------------------------------[ pom ]---------------------------------
[INFO] 
[INFO] --- antrun:3.1.0:run (sealed-checkout-uri-source-replay) @ nebula-fixture-writer-rehearsal ---
[INFO] Executing tasks
[INFO]      [exec] VERIFIED Windows reparse custody: all planned source, target and ancestor paths
[INFO]  [checksum] Could not find file S:\m3-nebula-portable-recipe-20261006\recipe-evidence-final-v2-qualified\tiny-source-root\releng\org.eclipse.nebula.nebula-parent\pom.xml to generate checksum for.
[INFO] ------------------------------------------------------------------------
[INFO] BUILD FAILURE
[INFO] ------------------------------------------------------------------------
[INFO] Total time:  1.023 s
[INFO] Finished at: 2026-10-06T11:16:36+05:30
[INFO] ------------------------------------------------------------------------
[ERROR] Failed to execute goal org.apache.maven.plugins:maven-antrun-plugin:3.1.0:run (sealed-checkout-uri-source-replay) on project nebula-fixture-writer-rehearsal: An Ant BuildException has occured: Could not find file S:\m3-nebula-portable-recipe-20261006\recipe-evidence-final-v2-qualified\tiny-source-root\releng\org.eclipse.nebula.nebula-parent\pom.xml to generate checksum for.
[ERROR] around Ant part ...<checksum file="S:\m3-nebula-portable-recipe-20261006\recipe-evidence-final-v2-qualified\tiny-source-root/releng/org.eclipse.nebula.nebula-parent/pom.xml" property="147d547f7d16fc8c0b07f3dde34cffdda97dacd7c07ee5baee47b9b9ada4c54a" algorithm="SHA-256" />... @ 239:262 in S:\m3-nebula-portable-recipe-20261006\recipe-evidence-final-v2-qualified\writer-rehearsal\target\antrun\build-main.xml
[ERROR] -> [Help 1]
[ERROR] 
[ERROR] To see the full stack trace of the errors, re-run Maven with the -e switch.
[ERROR] Re-run Maven using the -X switch to enable full debug logging.
[ERROR] 
[ERROR] For more information about the errors and possible solutions, please read the following articles:
[ERROR] [Help 1] http://cwiki.apache.org/confluence/display/MAVEN/MojoExecutionException
