[INFO] Scanning for projects...
[INFO] 
[INFO] ----------< com.synexia.recipe:nebula-qualified-checkout-uri >----------
[INFO] Building nebula-qualified-checkout-uri 1.0-SNAPSHOT
[INFO]   from pom.xml
[INFO] --------------------------------[ pom ]---------------------------------
[INFO] 
[INFO] --- antrun:3.1.0:run (sealed-checkout-uri-source-replay) @ nebula-qualified-checkout-uri ---
[INFO] Executing tasks
[INFO]      [exec] WINDOWS_REPARSE_CUSTODY_REFUSAL: S:\m3-nebula-portable-recipe-20261006\recipe-evidence\reparse-root
[INFO]      [exec] At S:\m3-nebula-portable-recipe-20261006\recipe-evidence\recipe-copy\windows-reparse-preflight.ps1:11 char:17
[INFO]      [exec] +                 throw "WINDOWS_REPARSE_CUSTODY_REFUSAL: $current"
[INFO]      [exec] +                 ~~~~~~~~~~~~~~~~~~~~~~~~~~~~~~~~~~~~~~~~~~~~~~~~~
[INFO]      [exec]     + CategoryInfo          : OperationStopped: (WINDOWS_REPARSE...ce\reparse-root:String) [], RuntimeException
[INFO]      [exec]     + FullyQualifiedErrorId : WINDOWS_REPARSE_CUSTODY_REFUSAL: S:\m3-nebula-portable-recipe-20261006\recipe-evidence\r 
[INFO]      [exec]    eparse-root
[INFO]      [exec]  
[INFO] ------------------------------------------------------------------------
[INFO] BUILD FAILURE
[INFO] ------------------------------------------------------------------------
[INFO] Total time:  0.961 s
[INFO] Finished at: 2026-10-06T10:12:38+05:30
[INFO] ------------------------------------------------------------------------
[ERROR] Failed to execute goal org.apache.maven.plugins:maven-antrun-plugin:3.1.0:run (sealed-checkout-uri-source-replay) on project nebula-qualified-checkout-uri: An Ant BuildException has occured: exec returned: 1
[ERROR] around Ant part ...<exec failonerror="true" executable="powershell.exe" osfamily="windows">... @ 544:77 in S:\m3-nebula-portable-recipe-20261006\recipe-evidence\recipe-copy\target\antrun\build-main.xml
[ERROR] -> [Help 1]
[ERROR] 
[ERROR] To see the full stack trace of the errors, re-run Maven with the -e switch.
[ERROR] Re-run Maven using the -X switch to enable full debug logging.
[ERROR] 
[ERROR] For more information about the errors and possible solutions, please read the following articles:
[ERROR] [Help 1] http://cwiki.apache.org/confluence/display/MAVEN/MojoExecutionException
