Tests run: 12, Failures: 0, Errors: 0, Skipped: 0, Time elapsed: 0.425 s -- in org.eclipse.nebula.widgets.gallery.tests.AllTests
Tests run: 2, Failures: 0, Errors: 0, Skipped: 0, Time elapsed: 0.024 s -- in org.eclipse.nebula.widgets.gallery.tests.Bug280635Test
Tests run: 2, Failures: 0, Errors: 0, Skipped: 0, Time elapsed: 0.017 s -- in org.eclipse.nebula.widgets.gallery.tests.Bug212182Test
Tests run: 1, Failures: 0, Errors: 0, Skipped: 0, Time elapsed: 0.009 s -- in org.eclipse.nebula.widgets.gallery.tests.Bug276435Test
Tests run: 2, Failures: 0, Errors: 0, Skipped: 0, Time elapsed: 0.013 s -- in org.eclipse.nebula.widgets.gallery.tests.GalleryTest
Tests run: 1, Failures: 0, Errors: 0, Skipped: 0, Time elapsed: 0.013 s -- in org.eclipse.nebula.widgets.gallery.tests.Bug217988Test
Tests run: 2, Failures: 0, Errors: 0, Skipped: 0, Time elapsed: 0.014 s -- in org.eclipse.nebula.widgets.gallery.tests.GalleryVirtualBehaviorTest
Tests run: 2, Failures: 0, Errors: 0, Skipped: 0, Time elapsed: 0.012 s -- in org.eclipse.nebula.widgets.gallery.tests.Bug216204Test
Tests run: 24, Failures: 0, Errors: 0, Skipped: 0
Tests run: 6, Failures: 0, Errors: 0, Skipped: 0, Time elapsed: 0.413 s -- in org.eclipse.nebula.widgets.grid.GridVisibleRangeSupport_Test
Tests run: 7, Failures: 0, Errors: 0, Skipped: 0, Time elapsed: 0.182 s -- in org.eclipse.nebula.widgets.grid.GridFixedColumn_Test
Tests run: 13, Failures: 0, Errors: 0, Skipped: 0
Tests run: 5, Failures: 0, Errors: 0, Skipped: 0, Time elapsed: 0.090 s -- in org.eclipse.nebula.widgets.oscilloscope.OscilloscopeTest
Tests run: 5, Failures: 0, Errors: 0, Skipped: 0
Tests run: 1, Failures: 0, Errors: 0, Skipped: 0, Time elapsed: 0.023 s -- in org.eclipse.nebula.paperclips.core.GapBorderTest
Tests run: 3, Failures: 0, Errors: 0, Skipped: 0, Time elapsed: 0.021 s -- in org.eclipse.nebula.paperclips.core.AlignPrintTest
Tests run: 2, Failures: 0, Errors: 0, Skipped: 0, Time elapsed: 0.011 s -- in org.eclipse.nebula.paperclips.core.LayerEntryTest
Tests run: 3, Failures: 0, Errors: 0, Skipped: 0, Time elapsed: 0.012 s -- in org.eclipse.nebula.paperclips.core.internal.SWTUtilTest
Tests run: 9, Failures: 0, Errors: 0, Skipped: 0, Time elapsed: 0.005 s -- in org.eclipse.nebula.paperclips.core.internal.UtilTest
Tests run: 1, Failures: 0, Errors: 0, Skipped: 0, Time elapsed: 0.008 s -- in org.eclipse.nebula.paperclips.core.DefaultGridLookTest
Tests run: 1, Failures: 0, Errors: 0, Skipped: 0, Time elapsed: 0.004 s -- in org.eclipse.nebula.paperclips.core.SimplePageDecorationTest
Tests run: 1, Failures: 0, Errors: 0, Skipped: 0, Time elapsed: 0.009 s -- in org.eclipse.nebula.paperclips.core.DefaultPageNumberFormatTest
Tests run: 1, Failures: 0, Errors: 0, Skipped: 0, Time elapsed: 0.003 s -- in org.eclipse.nebula.paperclips.core.SeriesPrintTest
Tests run: 2, Failures: 0, Errors: 0, Skipped: 0, Time elapsed: 0.005 s -- in org.eclipse.nebula.paperclips.core.LineBreakPrintTest
Tests run: 1, Failures: 0, Errors: 0, Skipped: 0, Time elapsed: 0.005 s -- in org.eclipse.nebula.paperclips.core.PrintJobTest
Tests run: 2, Failures: 0, Errors: 0, Skipped: 0, Time elapsed: 0.003 s -- in org.eclipse.nebula.paperclips.core.BigPrintTest
Tests run: 1, Failures: 0, Errors: 0, Skipped: 0, Time elapsed: 0.003 s -- in org.eclipse.nebula.paperclips.core.RotatePrintTest
Tests run: 1, Failures: 0, Errors: 0, Skipped: 0, Time elapsed: 0.004 s -- in org.eclipse.nebula.paperclips.core.ScalePrintTest
Tests run: 2, Failures: 0, Errors: 0, Skipped: 0, Time elapsed: 0.002 s -- in org.eclipse.nebula.paperclips.core.NoBreakPrintTest
Tests run: 2, Failures: 0, Errors: 0, Skipped: 0, Time elapsed: 0.004 s -- in org.eclipse.nebula.paperclips.core.LinePrintTest
Tests run: 3, Failures: 0, Errors: 0, Skipped: 0, Time elapsed: 0.003 s -- in org.eclipse.nebula.paperclips.core.EmptyPrintTest
Tests run: 1, Failures: 0, Errors: 0, Skipped: 0, Time elapsed: 0.005 s -- in org.eclipse.nebula.paperclips.core.TextStyleTest
Tests run: 1, Failures: 0, Errors: 0, Skipped: 0, Time elapsed: 0.001 s -- in org.eclipse.nebula.paperclips.core.MarginsTest
Tests run: 2, Failures: 0, Errors: 0, Skipped: 0, Time elapsed: 0.006 s -- in org.eclipse.nebula.paperclips.core.PageNumberPrintTest
Tests run: 1, Failures: 0, Errors: 0, Skipped: 0, Time elapsed: 0.009 s -- in org.eclipse.nebula.paperclips.core.StyledTextPrintTest
Tests run: 2, Failures: 0, Errors: 0, Skipped: 0, Time elapsed: 0.004 s -- in org.eclipse.nebula.paperclips.core.ColumnPrintTest
Tests run: 1, Failures: 0, Errors: 0, Skipped: 0, Time elapsed: 0.004 s -- in org.eclipse.nebula.paperclips.core.PagePrintTest
Tests run: 1, Failures: 0, Errors: 0, Skipped: 0, Time elapsed: 0.001 s -- in org.eclipse.nebula.paperclips.core.TextPrintTest
Tests run: 5, Failures: 0, Errors: 0, Skipped: 0, Time elapsed: 0.008 s -- in org.eclipse.nebula.paperclips.core.grid.GridColumnTest
Tests run: 1, Failures: 0, Errors: 0, Skipped: 0, Time elapsed: 0.006 s -- in org.eclipse.nebula.paperclips.core.grid.GridCellTest
Tests run: 2, Failures: 0, Errors: 0, Skipped: 0, Time elapsed: 0.016 s -- in org.eclipse.nebula.paperclips.core.grid.GridPrintTest
Tests run: 1, Failures: 0, Errors: 0, Skipped: 0, Time elapsed: 0.003 s -- in org.eclipse.nebula.paperclips.core.PageNumberPageDecorationTest
Tests run: 1, Failures: 0, Errors: 0, Skipped: 0, Time elapsed: 0.002 s -- in org.eclipse.nebula.paperclips.core.LineBorderTest
Tests run: 3, Failures: 0, Errors: 0, Skipped: 0, Time elapsed: 0.004 s -- in org.eclipse.nebula.paperclips.core.BorderPrintTest
Tests run: 1, Failures: 0, Errors: 0, Skipped: 0, Time elapsed: 0.011 s -- in org.eclipse.nebula.paperclips.core.ImagePrintTest
Tests run: 1, Failures: 0, Errors: 0, Skipped: 0, Time elapsed: 0.004 s -- in org.eclipse.nebula.paperclips.core.LayerPrintTest
Tests run: 1, Failures: 0, Errors: 0, Skipped: 0, Time elapsed: 0.002 s -- in org.eclipse.nebula.paperclips.core.DefaultCellBackgroundProviderTest
Tests run: 2, Failures: 0, Errors: 0, Skipped: 0, Time elapsed: 0.005 s -- in org.eclipse.nebula.paperclips.core.BreakPrintTest
Tests run: 1, Failures: 0, Errors: 0, Skipped: 0, Time elapsed: 0.016 s -- in org.eclipse.nebula.paperclips.core.SidewaysPrintTest
Tests run: 2, Failures: 0, Errors: 0, Skipped: 0, Time elapsed: 0.045 s -- in org.eclipse.nebula.paperclips.core.BackgroundPrintTest
Tests run: 4, Failures: 0, Errors: 0, Skipped: 0, Time elapsed: 0.054 s -- in org.eclipse.nebula.paperclips.tests.benchmark.BenchmarkTest
Tests run: 2, Failures: 0, Errors: 0, Skipped: 0, Time elapsed: 0.001 s -- in org.eclipse.nebula.paperclips.tests.benchmark.StopClockTest
Tests run: 1, Failures: 0, Errors: 0, Skipped: 0, Time elapsed: 0.001 s -- in org.eclipse.nebula.paperclips.tests.benchmark.SystemClockTest
Tests run: 73, Failures: 0, Errors: 0, Skipped: 0
Tests run: 16, Failures: 0, Errors: 0, Skipped: 0, Time elapsed: 0.123 s -- in org.eclipse.nebula.widgets.radiogroup.RadioGroupTest
Tests run: 16, Failures: 0, Errors: 0, Skipped: 0
Tests run: 3, Failures: 0, Errors: 0, Skipped: 0, Time elapsed: 0.190 s -- in org.eclipse.nebula.widgets.tablecombo.TableComboTests
Tests run: 3, Failures: 0, Errors: 0, Skipped: 0, Time elapsed: 0.217 s -- in org.eclipse.nebula.widgets.tablecombo.TableComboViewerTests
Tests run: 6, Failures: 0, Errors: 0, Skipped: 0
Tests run: 2, Failures: 0, Errors: 0, Skipped: 0, Time elapsed: 0.113 s -- in org.eclipse.nebula.widgets.treemapper.tests.ProgrammaticTest
Tests run: 2, Failures: 0, Errors: 0, Skipped: 0
Tests run: 1, Failures: 0, Errors: 0, Skipped: 0, Time elapsed: 0.022 s -- in org.eclipse.nebula.widgets.xviewer.tests.DummyTest
Tests run: 1, Failures: 0, Errors: 0, Skipped: 0
Tests run: 11, Failures: 0, Errors: 0, Skipped: 0, Time elapsed: 0.035 s -- in org.eclipse.nebula.widgets.pagination.tests.PaginationHelperTestCase
Tests run: 11, Failures: 0, Errors: 0, Skipped: 0
Tests run: 9, Failures: 0, Errors: 0, Skipped: 0, Time elapsed: 0.063 s -- in org.eclipse.nebula.widgets.timeline.TimingTest
Tests run: 1, Failures: 0, Errors: 0, Skipped: 0, Time elapsed: 0.023 s -- in org.eclipse.nebula.widgets.timeline.tests.CursorTest
Tests run: 3, Failures: 0, Errors: 0, Skipped: 0, Time elapsed: 0.015 s -- in org.eclipse.nebula.widgets.timeline.tests.TimelineTest
Tests run: 8, Failures: 0, Errors: 0, Skipped: 0, Time elapsed: 0.029 s -- in org.eclipse.nebula.widgets.timeline.tests.TimelineEventTest
Tests run: 1, Failures: 0, Errors: 0, Skipped: 0, Time elapsed: 0.007 s -- in org.eclipse.nebula.widgets.timeline.tests.TrackTest
Tests run: 17, Failures: 0, Errors: 0, Skipped: 0, Time elapsed: 0.008 s -- in org.eclipse.nebula.widgets.timeline.tests.TimelineAllTests
Tests run: 17, Failures: 0, Errors: 0, Skipped: 0, Time elapsed: 0.006 s -- in org.eclipse.nebula.widgets.timeline.tests.TimelineTests
Tests run: 4, Failures: 0, Errors: 0, Skipped: 0, Time elapsed: 0.001 s -- in org.eclipse.nebula.widgets.timeline.tests.LaneTest
Tests run: 60, Failures: 0, Errors: 0, Skipped: 0
[INFO] nebula-parent 1.0.0-SNAPSHOT ....................... SUCCESS [  0.133 s]
[INFO] opal 1.0.0-SNAPSHOT ................................ SUCCESS [  0.005 s]
[INFO] commons 1.0.0-SNAPSHOT ............................. SUCCESS [  0.003 s]
[INFO] org.eclipse.nebula.widgets.opal.commons 1.0.0-SNAPSHOT SUCCESS [  2.179 s]
[INFO] badgedlabel 1.0.0-SNAPSHOT ......................... SUCCESS [  0.007 s]
[INFO] org.eclipse.nebula.widgets.badgedlabel 1.1.0-SNAPSHOT SUCCESS [  0.218 s]
[INFO] Commons Feature 1.0.0-SNAPSHOT ..................... SUCCESS [  0.118 s]
[INFO] Nebula Badged Label Feature 1.1.0-SNAPSHOT ......... SUCCESS [  0.092 s]
[INFO] org.eclipse.nebula.widgets.badgedlabel.snippets 1.0.0-SNAPSHOT SUCCESS [  0.149 s]
[INFO] carousel 1.0.0-SNAPSHOT ............................ SUCCESS [  0.004 s]
[INFO] org.eclipse.nebula.widgets.carousel 1.0.0-SNAPSHOT . SUCCESS [  0.215 s]
[INFO] Nebula Carousel Feature 1.0.0-SNAPSHOT ............. SUCCESS [  0.089 s]
[INFO] org.eclipse.nebula.widgets.carousel.snippets 1.0.0-SNAPSHOT SUCCESS [  0.196 s]
[INFO] cwt 1.1.0-SNAPSHOT ................................. SUCCESS [  0.004 s]
[INFO] org.eclipse.nebula.cwt 1.2.0-SNAPSHOT .............. SUCCESS [  0.211 s]
[INFO] cdatetime 1.5.1-SNAPSHOT ........................... SUCCESS [  0.004 s]
[INFO] org.eclipse.nebula.widgets.cdatetime 1.6.0-SNAPSHOT  SUCCESS [  0.253 s]
[INFO] org.eclipse.nebula.jface.cdatetime 1.3.0-SNAPSHOT .. SUCCESS [  0.273 s]
[INFO] org.eclipse.nebula.examples 1.1.0-SNAPSHOT ......... SUCCESS [  0.463 s]
[INFO] org.eclipse.nebula.widgets.cdatetime.example 1.0.0-SNAPSHOT SUCCESS [  0.264 s]
[INFO] org.eclipse.nebula.widgets.cdatetime.snippets 1.0.0-SNAPSHOT SUCCESS [  0.210 s]
[INFO] org.eclipse.nebula.cwt.tests 1.0.0-SNAPSHOT ........ SUCCESS [  0.335 s]
[INFO] org.eclipse.nebula.widgets.cdatetime.css 1.0.0-SNAPSHOT SUCCESS [  0.178 s]
[INFO] org.eclipse.nebula.widgets.cdatetime.tests 1.0.0-SNAPSHOT SUCCESS [  0.481 s]
[INFO] org.eclipse.nebula.cwt.feature 1.2.0-SNAPSHOT ...... SUCCESS [  0.089 s]
[INFO] org.eclipse.nebula.widgets.cdatetime.feature 1.6.0-SNAPSHOT SUCCESS [  0.113 s]
[INFO] org.eclipse.nebula.widgets.cdatetime.example.e4 1.4.0-SNAPSHOT SUCCESS [  0.246 s]
[INFO] Nebula CDateTime CSS Feature 1.4.0-SNAPSHOT ........ SUCCESS [  0.113 s]
[INFO] chips 1.0.0-SNAPSHOT ............................... SUCCESS [  0.003 s]
[INFO] [bundle] Nebula Chips widget 2.0.0-SNAPSHOT ........ SUCCESS [  0.147 s]
[INFO] Nebula Chips Feature 1.0.0-SNAPSHOT ................ SUCCESS [  0.101 s]
[INFO] [bundle] Nebula Chips Snippets 1.0.0-SNAPSHOT ...... SUCCESS [  0.109 s]
[INFO] compositetable 1.0.0-SNAPSHOT ...................... SUCCESS [  0.006 s]
[INFO] org.eclipse.nebula.widgets.compositetable 1.1.0-SNAPSHOT SUCCESS [  0.162 s]
[INFO] org.eclipse.nebula.widgets.compositetable.tests 1.0.0-SNAPSHOT SUCCESS [  0.237 s]
[INFO] Nebula Composite Table Feature 1.1.0-SNAPSHOT ...... SUCCESS [  0.125 s]
[INFO] ctreecombo 1.0.0-SNAPSHOT .......................... SUCCESS [  0.005 s]
[INFO] org.eclipse.nebula.widgets.ctreecombo 1.0.0-SNAPSHOT SUCCESS [  0.168 s]
[INFO] CTreeCombo Feature 1.0.0-SNAPSHOT .................. SUCCESS [  0.082 s]
[INFO] org.eclipse.nebula.widgets.ctreecombo.snippets 1.0.0-SNAPSHOT SUCCESS [  0.128 s]
[INFO] org.eclipse.nebula.cwt.snippets 1.1.0-SNAPSHOT ..... SUCCESS [  0.130 s]
[INFO] effects 1.0.0-SNAPSHOT ............................. SUCCESS [  0.004 s]
[INFO] org.eclipse.nebula.effects.stw 1.0.0-SNAPSHOT ...... SUCCESS [  0.107 s]
[INFO] org.eclipse.nebula.effects.stw.example 1.0.0-SNAPSHOT SUCCESS [  0.253 s]
[INFO] Nebula State Transition Feature 1.0.0-SNAPSHOT ..... SUCCESS [  0.056 s]
[INFO] floatingtext 1.0.1-SNAPSHOT ........................ SUCCESS [  0.002 s]
[INFO] org.eclipse.nebula.widgets.floatingtext 1.0.1-SNAPSHOT SUCCESS [  0.098 s]
[INFO] org.eclipse.nebula.widgets.floatingtext.snippets 1.0.1-SNAPSHOT SUCCESS [  0.174 s]
[INFO] org.eclipse.nebula.widgets.floatingtext.feature 1.0.1-SNAPSHOT SUCCESS [  0.068 s]
[INFO] fontawesome 1.0.0-SNAPSHOT ......................... SUCCESS [  0.003 s]
[INFO] org.eclipse.nebula.widgets.fontawesome 1.0.0-SNAPSHOT SUCCESS [  0.225 s]
[INFO] Nebula FontAwesome Feature 1.0.0-SNAPSHOT .......... SUCCESS [  0.100 s]
[INFO] org.eclipse.nebula.widgets.fontawesome.snippets 1.0.0-SNAPSHOT SUCCESS [  0.496 s]
[INFO] formattedtext 1.0.0-SNAPSHOT ....................... SUCCESS [  0.014 s]
[INFO] org.eclipse.nebula.widgets.formattedtext 1.0.0-SNAPSHOT SUCCESS [  0.633 s]
[INFO] org.eclipse.nebula.widgets.formattedtext.tests 1.0.0-SNAPSHOT SUCCESS [  0.501 s]
[INFO] org.eclipse.nebula.widgets.formattedtext.feature 1.0.0-SNAPSHOT SUCCESS [  0.072 s]
[INFO] gallery 1.0.0-SNAPSHOT ............................. SUCCESS [  0.002 s]
[INFO] org.eclipse.nebula.widgets.gallery 1.1.0-SNAPSHOT .. SUCCESS [  0.126 s]
[INFO] org.eclipse.nebula.widgets.gallery.example 1.0.0-SNAPSHOT SUCCESS [  0.514 s]
[INFO] Nebula Gallery Feature 1.1.0-SNAPSHOT .............. SUCCESS [  0.183 s]
[INFO] org.eclipse.nebula.widgets.gallery.tests 1.0.0-SNAPSHOT SUCCESS [  7.974 s]
[INFO] ganttchart 1.0.0-SNAPSHOT .......................... SUCCESS [  0.049 s]
[INFO] org.eclipse.nebula.widgets.ganttchart 1.1.0-SNAPSHOT SUCCESS [  0.784 s]
[INFO] org.eclipse.nebula.widgets.ganttchart.example 1.0.0-SNAPSHOT SUCCESS [  0.715 s]
[INFO] Nebula Ganttchart Widget 1.1.0-SNAPSHOT ............ SUCCESS [  0.181 s]
[INFO] geomap 1.0.0-SNAPSHOT .............................. SUCCESS [  0.019 s]
[INFO] org.eclipse.nebula.widgets.geomap 1.1.0-SNAPSHOT ... SUCCESS [  0.534 s]
[INFO] org.eclipse.nebula.widgets.geomap.example 1.0.0-SNAPSHOT SUCCESS [  0.300 s]
[INFO] org.eclipse.nebula.widgets.geomap.feature 1.1.0-SNAPSHOT SUCCESS [  0.064 s]
[INFO] org.eclipse.nebula.widgets.geomap.snippets 1.0.0-SNAPSHOT SUCCESS [  0.411 s]
[INFO] grid 1.1.0-SNAPSHOT ................................ SUCCESS [  0.011 s]
[INFO] [bundle] Nebula Grid 1.2.1-SNAPSHOT ................ SUCCESS [  0.525 s]
[INFO] org.eclipse.nebula.widgets.grid.example 1.1.0-SNAPSHOT SUCCESS [  0.304 s]
[INFO] Nebula Grid Feature 1.1.0-SNAPSHOT ................. SUCCESS [  0.071 s]
[INFO] org.eclipse.nebula.widgets.grid.css 1.1.0-SNAPSHOT . SUCCESS [  0.182 s]
[INFO] Nebula Grid CSS Feature 1.1.0-SNAPSHOT ............. SUCCESS [  0.083 s]
[INFO] org.eclipse.nebula.widgets.grid.example.e4 1.1.0-SNAPSHOT SUCCESS [  0.168 s]
[INFO] org.eclipse.nebula.widgets.grid.test 0.4.0-SNAPSHOT  SUCCESS [  6.803 s]
[INFO] led 1.0.0-SNAPSHOT ................................. SUCCESS [  0.029 s]
[INFO] org.eclipse.nebula.widgets.led 1.1.0-SNAPSHOT ...... SUCCESS [  0.386 s]
[INFO] Nebula Badged Label Feature 1.1.0-SNAPSHOT ......... SUCCESS [  0.177 s]
[INFO] org.eclipse.nebula.widgets.led.snippets 1.1.0-SNAPSHOT SUCCESS [  0.267 s]
[INFO] nebulaslider 1.1.0-SNAPSHOT ........................ SUCCESS [  0.003 s]
[INFO] org.eclipse.nebula.widgets.nebulaslider 1.1.0-SNAPSHOT SUCCESS [  0.197 s]
[INFO] Nebula Slider Feature 1.1.0-SNAPSHOT ............... SUCCESS [  0.062 s]
[INFO] org.eclipse.nebula.widgets.nebulaslider.snippets 1.1.0-SNAPSHOT SUCCESS [  0.086 s]
[INFO] breadcrumb 1.0.0-SNAPSHOT .......................... SUCCESS [  0.002 s]
[INFO] org.eclipse.nebula.widgets.opal.breadcrumb 1.0.0-SNAPSHOT SUCCESS [  0.165 s]
[INFO] Breadcrumb Feature 1.0.0-SNAPSHOT .................. SUCCESS [  0.067 s]
[INFO] org.eclipse.nebula.widgets.opal.breadcrumb.snippets 1.0.0-SNAPSHOT SUCCESS [  0.114 s]
[INFO] checkboxgroup 1.0.0-SNAPSHOT ....................... SUCCESS [  0.002 s]
[INFO] org.eclipse.nebula.widgets.opal.checkboxgroup 1.0.0-SNAPSHOT SUCCESS [  0.202 s]
[INFO] CheckboxgroupFeature 1.0.0-SNAPSHOT ................ SUCCESS [  0.062 s]
[INFO] org.eclipse.nebula.widgets.opal.checkboxgroup.snippets 1.0.0-SNAPSHOT SUCCESS [  0.138 s]
[INFO] columnbrowser 1.0.0-SNAPSHOT ....................... SUCCESS [  0.003 s]
[INFO] org.eclipse.nebula.widgets.opal.columnbrowser 1.0.0-SNAPSHOT SUCCESS [  0.096 s]
[INFO] ColumnBrowser Feature 1.0.0-SNAPSHOT ............... SUCCESS [  0.054 s]
[INFO] dialog 1.0.0-SNAPSHOT .............................. SUCCESS [  0.003 s]
[INFO] org.eclipse.nebula.widgets.opal.dialog 1.1.0-SNAPSHOT SUCCESS [  0.120 s]
[INFO] org.eclipse.nebula.widgets.opal.columnbrowser.snippets 1.0.0-SNAPSHOT SUCCESS [  0.115 s]
[INFO] Dialog Feature 1.1.0-SNAPSHOT ...................... SUCCESS [  0.042 s]
[INFO] org.eclipse.nebula.widgets.opal.dialog.snippets 1.0.0-SNAPSHOT SUCCESS [  0.098 s]
[INFO] duallist 1.0.0-SNAPSHOT ............................ SUCCESS [  0.002 s]
[INFO] org.eclipse.nebula.widgets.opal.duallist 1.0.0-SNAPSHOT SUCCESS [  0.096 s]
[INFO] Duallist Feature 1.0.0-SNAPSHOT .................... SUCCESS [  0.047 s]
[INFO] org.eclipse.nebula.widgets.opal.duallist.snippets 1.0.0-SNAPSHOT SUCCESS [  0.142 s]
[INFO] header 1.0.0-SNAPSHOT .............................. SUCCESS [  0.004 s]
[INFO] org.eclipse.nebula.widgets.opal.header 1.1.0-SNAPSHOT SUCCESS [  0.099 s]
[INFO] Header Feature 1.1.0-SNAPSHOT ...................... SUCCESS [  0.047 s]
[INFO] org.eclipse.nebula.widgets.opal.header.snippets 1.0.0-SNAPSHOT SUCCESS [  0.142 s]
[INFO] heapmanager 1.0.0-SNAPSHOT ......................... SUCCESS [  0.004 s]
[INFO] org.eclipse.nebula.widgets.opal.heapmanager 1.0.0-SNAPSHOT SUCCESS [  0.123 s]
[INFO] HeapManagerFeature 1.0.0-SNAPSHOT .................. SUCCESS [  0.068 s]
[INFO] org.eclipse.nebula.widgets.opal.heapmanager.snippets 1.0.0-SNAPSHOT SUCCESS [  0.089 s]
[INFO] logindialog 1.0.0-SNAPSHOT ......................... SUCCESS [  0.002 s]
[INFO] org.eclipse.nebula.widgets.opal.logindialog 1.1.0-SNAPSHOT SUCCESS [  0.085 s]
[INFO] PromptSupport Feature 1.1.0-SNAPSHOT ............... SUCCESS [  0.050 s]
[INFO] org.eclipse.nebula.widgets.opal.logindialog.snippets 1.0.0-SNAPSHOT SUCCESS [  0.092 s]
[INFO] multichoice 1.1.0-SNAPSHOT ......................... SUCCESS [  0.002 s]
[INFO] org.eclipse.nebula.widgets.opal.multichoice 1.1.0-SNAPSHOT SUCCESS [  0.086 s]
[INFO] Multichoice Feature 1.1.0-SNAPSHOT ................. SUCCESS [  0.070 s]
[INFO] org.eclipse.nebula.widgets.opal.multichoice.snippets 1.1.0-SNAPSHOT SUCCESS [  0.092 s]
[INFO] notifier 1.0.0-SNAPSHOT ............................ SUCCESS [  0.003 s]
[INFO] org.eclipse.nebula.widgets.opal.notifier 1.1.0-SNAPSHOT SUCCESS [  0.088 s]
[INFO] Notifier Feature 1.1.0-SNAPSHOT .................... SUCCESS [  0.052 s]
[INFO] org.eclipse.nebula.widgets.opal.notifier.snippets 1.0.0-SNAPSHOT SUCCESS [  0.104 s]
[INFO] titledseparator 1.0.0-SNAPSHOT ..................... SUCCESS [  0.005 s]
[INFO] org.eclipse.nebula.widgets.opal.titledseparator 1.1.0-SNAPSHOT SUCCESS [  0.091 s]
[INFO] preferencewindow 1.0.0-SNAPSHOT .................... SUCCESS [  0.001 s]
[INFO] org.eclipse.nebula.widgets.opal.preferencewindow 1.1.0-SNAPSHOT SUCCESS [  0.127 s]
[INFO] TitledSeparator Feature 1.1.0-SNAPSHOT ............. SUCCESS [  0.049 s]
[INFO] Preference Window Feature 1.1.0-SNAPSHOT ........... SUCCESS [  0.113 s]
[INFO] org.eclipse.nebula.widgets.opal.preferencewindow.snippets 1.0.0-SNAPSHOT SUCCESS [  0.172 s]
[INFO] promptsupport 1.0.0-SNAPSHOT ....................... SUCCESS [  0.003 s]
[INFO] org.eclipse.nebula.widgets.opal.promptsupport 1.0.0-SNAPSHOT SUCCESS [  0.093 s]
[INFO] PromptSupport Feature 1.0.0-SNAPSHOT ............... SUCCESS [  0.152 s]
[INFO] org.eclipse.nebula.widgets.opal.promptsupport.snippets 1.0.0-SNAPSHOT SUCCESS [  0.261 s]
[INFO] propertytable 1.0.2-SNAPSHOT ....................... SUCCESS [  0.006 s]
[INFO] org.eclipse.nebula.widgets.opal.propertytable 1.1.0-SNAPSHOT SUCCESS [  0.318 s]
[INFO] Property Table Feature 1.1.0-SNAPSHOT .............. SUCCESS [  0.218 s]
[INFO] org.eclipse.nebula.widgets.opal.propertytable.snippets 1.0.2-SNAPSHOT SUCCESS [  0.350 s]
[INFO] rangeslider 1.0.0-SNAPSHOT ......................... SUCCESS [  0.012 s]
[INFO] org.eclipse.nebula.widgets.opal.rangeslider 1.0.0-SNAPSHOT SUCCESS [  0.244 s]
[INFO] Range Slider Feature 1.0.0-SNAPSHOT ................ SUCCESS [  0.137 s]
[INFO] org.eclipse.nebula.widgets.opal.rangeslider.snippets 1.0.0-SNAPSHOT SUCCESS [  0.268 s]
[INFO] starrating 1.0.0-SNAPSHOT .......................... SUCCESS [  0.003 s]
[INFO] org.eclipse.nebula.widgets.opal.starrating 1.0.0-SNAPSHOT SUCCESS [  0.233 s]
[INFO] Star Rating Feature 1.0.0-SNAPSHOT ................. SUCCESS [  0.172 s]
[INFO] org.eclipse.nebula.widgets.opal.starrating.snippets 1.0.0-SNAPSHOT SUCCESS [  0.196 s]
[INFO] textassist 1.0.0-SNAPSHOT .......................... SUCCESS [  0.002 s]
[INFO] org.eclipse.nebula.widgets.opal.textassist 1.0.0-SNAPSHOT SUCCESS [  0.194 s]
[INFO] TextAssist Feature 1.0.0-SNAPSHOT .................. SUCCESS [  0.254 s]
[INFO] org.eclipse.nebula.widgets.opal.textassist.snippets 1.0.0-SNAPSHOT SUCCESS [  0.511 s]
[INFO] tipoftheday 1.0.0-SNAPSHOT ......................... SUCCESS [  0.009 s]
[INFO] org.eclipse.nebula.widgets.opal.tipoftheday 1.0.0-SNAPSHOT SUCCESS [  0.196 s]
[INFO] Header Feature 1.0.0-SNAPSHOT ...................... SUCCESS [  0.057 s]
[INFO] org.eclipse.nebula.widgets.opal.tipoftheday.snippets 1.0.0-SNAPSHOT SUCCESS [  0.090 s]
[INFO] org.eclipse.nebula.widgets.opal.titledseparator.snippets 1.0.0-SNAPSHOT SUCCESS [  0.089 s]
[INFO] roundedtoolbar 1.0.0-SNAPSHOT ...................... SUCCESS [  0.002 s]
[INFO] org.eclipse.nebula.widgets.opal.roundedtoolbar 1.0.0-SNAPSHOT SUCCESS [  0.122 s]
[INFO] Header Feature 1.0.0-SNAPSHOT ...................... SUCCESS [  0.061 s]
[INFO] org.eclipse.nebula.widgets.opal.roundedtoolbar.snippets 1.0.0-SNAPSHOT SUCCESS [  0.156 s]
[INFO] calculator 1.0.0-SNAPSHOT .......................... SUCCESS [  0.002 s]
[INFO] org.eclipse.nebula.widgets.opal.calculator 1.1.0-SNAPSHOT SUCCESS [  0.097 s]
[INFO] Calculator Feature 1.1.0-SNAPSHOT .................. SUCCESS [  0.049 s]
[INFO] org.eclipse.nebula.widgets.opal.calculator.snippets 1.0.0-SNAPSHOT SUCCESS [  0.090 s]
[INFO] horizontalspinner 1.0.0-SNAPSHOT ................... SUCCESS [  0.002 s]
[INFO] org.eclipse.nebula.widgets.opal.horizontalspinner 1.0.0-SNAPSHOT SUCCESS [  0.101 s]
[INFO] horizontalspinner Feature 1.0.0-SNAPSHOT ........... SUCCESS [  0.054 s]
[INFO] org.eclipse.nebula.widgets.opal.horizontalspinner.snippets 1.0.0-SNAPSHOT SUCCESS [  0.100 s]
[INFO] launcher 1.0.0-SNAPSHOT ............................ SUCCESS [  0.003 s]
[INFO] org.eclipse.nebula.widgets.opal.launcher 1.0.0-SNAPSHOT SUCCESS [  0.180 s]
[INFO] Launcher Feature 1.0.0-SNAPSHOT .................... SUCCESS [  0.075 s]
[INFO] org.eclipse.nebula.widgets.opal.launcher.snippets 1.0.0-SNAPSHOT SUCCESS [  0.154 s]
[INFO] panels 1.0.0-SNAPSHOT .............................. SUCCESS [  0.002 s]
[INFO] org.eclipse.nebula.widgets.opal.panels 1.0.0-SNAPSHOT SUCCESS [  0.112 s]
[INFO] Panels Feature 1.0.0-SNAPSHOT ...................... SUCCESS [  0.054 s]
[INFO] org.eclipse.nebula.widgets.opal.panels.snippets 1.0.0-SNAPSHOT SUCCESS [  0.092 s]
[INFO] switchbutton 1.0.0-SNAPSHOT ........................ SUCCESS [  0.002 s]
[INFO] org.eclipse.nebula.widgets.opal.switchbutton 1.0.0-SNAPSHOT SUCCESS [  0.116 s]
[INFO] SwitchButton Feature 1.0.0-SNAPSHOT ................ SUCCESS [  0.058 s]
[INFO] org.eclipse.nebula.widgets.opal.switchbutton.snippets 1.0.0-SNAPSHOT SUCCESS [  0.196 s]
[INFO] oscilloscope 1.4.0-SNAPSHOT ........................ SUCCESS [  0.005 s]
[INFO] org.eclipse.nebula.widgets.oscilloscope 1.5.0-SNAPSHOT SUCCESS [  0.126 s]
[INFO] org.eclipse.nebula.widgets.oscilloscope.example 1.0.1-SNAPSHOT SUCCESS [  0.289 s]
[INFO] org.eclipse.nebula.widgets.oscilloscope.tests 1.0.0-SNAPSHOT SUCCESS [  7.014 s]
[INFO] Nebula Oscilloscope Widget 1.5.0-SNAPSHOT .......... SUCCESS [  0.169 s]
[INFO] org.eclipse.nebula.widgets.oscilloscope.css 1.4.0-SNAPSHOT SUCCESS [  2.256 s]
[INFO] org.eclipse.nebula.widgets.oscilloscope.example.e4 1.4.0-SNAPSHOT SUCCESS [  0.192 s]
[INFO] Nebula Oscilloscope CSS Feature 1.4.0-SNAPSHOT ..... SUCCESS [  0.072 s]
[INFO] paperclips 2.1.0-SNAPSHOT .......................... SUCCESS [  0.002 s]
[INFO] org.eclipse.nebula.paperclips.core 2.2.0-SNAPSHOT .. SUCCESS [  0.156 s]
[INFO] org.eclipse.nebula.paperclips.widgets 2.1.0-SNAPSHOT SUCCESS [  0.086 s]
[INFO] Nebula paperclips snippets 2.1.0-SNAPSHOT .......... SUCCESS [  0.094 s]
[INFO] org.eclipse.nebula.paperclips.tests 2.1.0-SNAPSHOT . SUCCESS [  7.925 s]
[INFO] Nebula Examples View Feature 2.2.0-SNAPSHOT ........ SUCCESS [  0.062 s]
[INFO] Nebula Paperclips Example 2.1.0-SNAPSHOT ........... SUCCESS [  0.214 s]
[INFO] passwordrevealer 1.0.0-SNAPSHOT .................... SUCCESS [  0.003 s]
[INFO] org.eclipse.nebula.widgets.passwordrevealer 1.1.0-SNAPSHOT SUCCESS [  0.107 s]
[INFO] Password Revealer Feature 1.1.0-SNAPSHOT ........... SUCCESS [  0.065 s]
[INFO] org.eclipse.nebula.widgets.passwordrevealer.snippets 1.0.0-SNAPSHOT SUCCESS [  0.110 s]
[INFO] pgroup 1.0.0-SNAPSHOT .............................. SUCCESS [  0.005 s]
[INFO] org.eclipse.nebula.widgets.pgroup 1.0.0-SNAPSHOT ... SUCCESS [  0.243 s]
[INFO] org.eclipse.nebula.widgets.pgroup.example 1.0.0-SNAPSHOT SUCCESS [  0.598 s]
[INFO] Nebula PGroup Feature 1.0.0-SNAPSHOT ............... SUCCESS [  0.158 s]
[INFO] progresscircle 1.0.0-SNAPSHOT ...................... SUCCESS [  0.009 s]
[INFO] org.eclipse.nebula.widgets.progresscircle 1.1.0-SNAPSHOT SUCCESS [  1.098 s]
[INFO] Progress Circle Feature 1.1.0-SNAPSHOT ............. SUCCESS [  0.261 s]
[INFO] org.eclipse.nebula.widgets.progresscircle.snippets 1.1.0-SNAPSHOT SUCCESS [  0.405 s]
[INFO] pshelf 1.0.0-SNAPSHOT .............................. SUCCESS [  0.005 s]
[INFO] org.eclipse.nebula.widgets.pshelf 1.2.0-SNAPSHOT ... SUCCESS [  0.424 s]
[INFO] org.eclipse.nebula.widgets.pshelf.example 1.0.0-SNAPSHOT SUCCESS [  0.383 s]
[INFO] org.eclipse.nebula.widgets.pshelf.css 1.1.0-SNAPSHOT SUCCESS [  0.123 s]
[INFO] Nebula PShelf Feature 1.1.0-SNAPSHOT ............... SUCCESS [  0.053 s]
[INFO] Nebula PShelf CSS Feature 1.1.0-SNAPSHOT ........... SUCCESS [  0.162 s]
[INFO] radiogroup 1.0.0-SNAPSHOT .......................... SUCCESS [  0.002 s]
[INFO] org.eclipse.nebula.widgets.radiogroup 1.0.0-SNAPSHOT SUCCESS [  0.139 s]
[INFO] org.eclipse.nebula.widgets.radiogroup.example 1.0.0-SNAPSHOT SUCCESS [  0.263 s]
[INFO] org.eclipse.nebula.widgets.radiogroup.tests 1.0.0-SNAPSHOT SUCCESS [  7.862 s]
[INFO] org.eclipse.nebula.widgets.radiogroup.feature 1.0.0-SNAPSHOT SUCCESS [  0.223 s]
[INFO] richtext 1.0.0-SNAPSHOT ............................ SUCCESS [  0.002 s]
[INFO] org.eclipse.nebula.widgets.richtext 1.7.0-SNAPSHOT . SUCCESS [  1.055 s]
[INFO] org.eclipse.nebula.widgets.richtext.example 1.7.0-SNAPSHOT SUCCESS [  0.450 s]
[INFO] org.eclipse.nebula.widgets.richtext.example.e4 1.7.0-SNAPSHOT SUCCESS [  0.393 s]
[INFO] Nebula RichText Widget 1.7.0-SNAPSHOT .............. SUCCESS [  0.138 s]
[INFO] roundedcheckbox 1.0.0-SNAPSHOT ..................... SUCCESS [  0.002 s]
[INFO] org.eclipse.nebula.widgets.roundedcheckbox 1.1.0-SNAPSHOT SUCCESS [  0.173 s]
[INFO] RoundedCheckbox Feature 1.1.0-SNAPSHOT ............. SUCCESS [  0.064 s]
[INFO] org.eclipse.nebula.widgets.roundedcheckbox.snippets 1.0.0-SNAPSHOT SUCCESS [  0.080 s]
[INFO] roundedswitch 1.0.0-SNAPSHOT ....................... SUCCESS [  0.002 s]
[INFO] org.eclipse.nebula.widgets.roundedswitch 1.1.0-SNAPSHOT SUCCESS [  0.078 s]
[INFO] Nebula Rounded Switch widget Feature 1.1.0-SNAPSHOT  SUCCESS [  0.048 s]
[INFO] org.eclipse.nebula.widgets.roundedswitch.snippets 1.0.0-SNAPSHOT SUCCESS [  0.180 s]
[INFO] org.eclipse.nebula.widgets.roundedswitch.css 1.0.0-SNAPSHOT SUCCESS [  0.771 s]
[INFO] org.eclipse.nebula.widgets.roundedswitch.example.e4 1.0.0-SNAPSHOT SUCCESS [  0.163 s]
[INFO] Nebula RoundedSwitch CSS Feature 1.0.0-SNAPSHOT .... SUCCESS [  0.076 s]
[INFO] segmentedbar 1.0.0-SNAPSHOT ........................ SUCCESS [  0.002 s]
[INFO] org.eclipse.nebula.widgets.segmentedbar 1.0.0-SNAPSHOT SUCCESS [  0.109 s]
[INFO] Nebula Segmented Bar widget Feature 1.0.0-SNAPSHOT . SUCCESS [  0.062 s]
[INFO] org.eclipse.nebula.widgets.segmentedbar.snippets 1.1.0-SNAPSHOT SUCCESS [  0.200 s]
[INFO] splitbutton 1.0.0-SNAPSHOT ......................... SUCCESS [  0.006 s]
[INFO] org.eclipse.nebula.widgets.splitbutton 1.0.0-SNAPSHOT SUCCESS [  0.181 s]
[INFO] Nebula SplitButton Feature 1.0.0-SNAPSHOT .......... SUCCESS [  0.092 s]
[INFO] org.eclipse.nebula.widgets.splitbutton.snippets 1.0.0-SNAPSHOT SUCCESS [  0.315 s]
[INFO] stepbar 1.0.0-SNAPSHOT ............................. SUCCESS [  0.010 s]
[INFO] org.eclipse.nebula.widgets.stepbar 1.0.0-SNAPSHOT .. SUCCESS [  0.319 s]
[INFO] Nebula Badged Label Feature 1.0.0-SNAPSHOT ......... SUCCESS [  0.100 s]
[INFO] org.eclipse.nebula.widgets.stepbar.snippets 1.0.0-SNAPSHOT SUCCESS [  0.192 s]
[INFO] tablecombo 1.3.0-SNAPSHOT .......................... SUCCESS [  0.003 s]
[INFO] org.eclipse.nebula.widgets.tablecombo 1.3.0-SNAPSHOT SUCCESS [  0.301 s]
[INFO] org.eclipse.nebula.widgets.tablecombo.example 1.3.0-SNAPSHOT SUCCESS [  0.449 s]
[INFO] Nebula TableCombo Feature 1.3.0-SNAPSHOT ........... SUCCESS [  0.112 s]
[INFO] org.eclipse.nebula.widgets.tablecombo.snippets 1.3.0-SNAPSHOT SUCCESS [  0.309 s]
[INFO] org.eclipse.nebula.widgets.tablecombo.test 1.3.0-SNAPSHOT SUCCESS [  6.637 s]
[INFO] org.eclipse.nebula.widgets.tablecombo.css 1.3.0-SNAPSHOT SUCCESS [  0.132 s]
[INFO] org.eclipse.nebula.widgets.tablecombo.example.e4 1.3.0-SNAPSHOT SUCCESS [  0.444 s]
[INFO] Nebula Tablecombo CSS Feature 1.3.0-SNAPSHOT ....... SUCCESS [  0.191 s]
[INFO] tiles 1.0.0-SNAPSHOT ............................... SUCCESS [  0.004 s]
[INFO] org.eclipse.nebula.widgets.tiles 1.1.0-SNAPSHOT .... SUCCESS [  0.256 s]
[INFO] Nebula Tiles widget Feature 1.1.0-SNAPSHOT ......... SUCCESS [  0.114 s]
[INFO] org.eclipse.nebula.widgets.tiles.snippets 1.1.0-SNAPSHOT SUCCESS [  0.084 s]
[INFO] treemapper 1.0.0-SNAPSHOT .......................... SUCCESS [  0.002 s]
[INFO] org.eclipse.nebula.widgets.treemapper 1.0.0-SNAPSHOT SUCCESS [  0.182 s]
[INFO] org.eclipse.nebula.widgets.treemapper.examples 1.1.0-SNAPSHOT SUCCESS [  0.215 s]
[INFO] org.eclipse.nebula.widgets.treemapper.tests 1.0.0-SNAPSHOT SUCCESS [  5.766 s]
[INFO] org.eclipse.nebula.widgets.treemapper.feature 1.0.0-SNAPSHOT SUCCESS [  0.198 s]
[INFO] visualization 2.1.0-SNAPSHOT ....................... SUCCESS [  0.003 s]
[INFO] Nebula Visualization XY-Graph 3.2.0-SNAPSHOT ....... SUCCESS [  0.294 s]
[INFO] Nebula Visualization Widgets 1.1.0-SNAPSHOT ........ SUCCESS [  0.155 s]
[INFO] Nebula Visualization 2.2.0-SNAPSHOT ................ SUCCESS [  0.057 s]
[INFO] Nebula Visualization XY-Graph Example 1.1.0-SNAPSHOT SUCCESS [  0.224 s]
[INFO] org.eclipse.nebula.visualization.example 1.0.0-SNAPSHOT SUCCESS [  0.164 s]
[INFO] xviewer 1.1.0-SNAPSHOT ............................. SUCCESS [  0.002 s]
[INFO] org.eclipse.nebula.widgets.xviewer.core 1.0.0-SNAPSHOT SUCCESS [  0.071 s]
[INFO] org.eclipse.nebula.widgets.xviewer 1.1.0-SNAPSHOT .. SUCCESS [  0.207 s]
[INFO] org.eclipse.nebula.widgets.xviewer.example 1.0.0-SNAPSHOT SUCCESS [  0.209 s]
[INFO] org.eclipse.nebula.widgets.xviewer.tests 1.0.0-SNAPSHOT SUCCESS [  5.854 s]
[INFO] Nebula XViewer Feature 1.1.0-SNAPSHOT .............. SUCCESS [  0.406 s]
[INFO] calendarcombo 1.0.0-SNAPSHOT ....................... SUCCESS [  0.020 s]
[INFO] org.eclipse.nebula.widgets.calendarcombo 1.1.0-SNAPSHOT SUCCESS [  0.363 s]
[INFO] org.eclipse.nebula.widgets.calendarcombo.example 1.0.0-SNAPSHOT SUCCESS [  0.256 s]
[INFO] Nebula Calendar Combo Feature 1.1.0-SNAPSHOT ....... SUCCESS [  0.045 s]
[INFO] collapsiblebuttons 1.0.0-SNAPSHOT .................. SUCCESS [  0.001 s]
[INFO] Collapsible Buttons Widget 1.1.0-SNAPSHOT .......... SUCCESS [  0.087 s]
[INFO] org.eclipse.nebula.widgets.collapsiblebuttons.example 1.0.0-SNAPSHOT SUCCESS [  0.150 s]
[INFO] Eclipse Collabsible Buttons Feature 1.1.0-SNAPSHOT . SUCCESS [  0.038 s]
[INFO] datechooser 1.0.0-SNAPSHOT ......................... SUCCESS [  0.002 s]
[INFO] org.eclipse.nebula.widgets.datechooser 1.1.0-SNAPSHOT SUCCESS [  0.108 s]
[INFO] org.eclipse.nebula.widgets.datechooser.example 1.0.0-SNAPSHOT SUCCESS [  0.670 s]
[INFO] org.eclipse.nebula.widgets.datechooser.feature 1.1.0-SNAPSHOT SUCCESS [  0.202 s]
[INFO] pagination 1.0.0-SNAPSHOT .......................... SUCCESS [  0.002 s]
[INFO] org.eclipse.nebula.widgets.pagination 1.0.0-SNAPSHOT SUCCESS [  0.259 s]
[INFO] org.eclipse.nebula.widgets.pagination.example 1.0.0-SNAPSHOT SUCCESS [  0.166 s]
[INFO] Nebula Pagination Control 1.0.0-SNAPSHOT ........... SUCCESS [  0.065 s]
[INFO] org.eclipse.nebula.widgets.pagination.snippets 1.0.0-SNAPSHOT SUCCESS [  0.117 s]
[INFO] org.eclipse.nebula.widgets.pagination.tests 1.0.0-SNAPSHOT SUCCESS [  5.567 s]
[INFO] picture 1.0.0-SNAPSHOT ............................. SUCCESS [  0.019 s]
[INFO] org.eclipse.nebula.widgets.picture 1.0.0-SNAPSHOT .. SUCCESS [  0.694 s]
[INFO] org.eclipse.nebula.widgets.picture.example 1.0.0-SNAPSHOT SUCCESS [  0.350 s]
[INFO] Nebula Picture Control 1.0.0-SNAPSHOT .............. SUCCESS [  0.059 s]
[INFO] org.eclipse.nebula.widgets.picture.snippets 1.0.0-SNAPSHOT SUCCESS [  0.088 s]
[INFO] timeline 0.1.0-SNAPSHOT ............................ SUCCESS [  0.002 s]
[INFO] org.eclipse.nebula.widgets.timeline 0.1.0-SNAPSHOT . SUCCESS [  0.138 s]
[INFO] org.eclipse.nebula.widgets.timeline.example 0.1.0-SNAPSHOT SUCCESS [  0.220 s]
[INFO] org.eclipse.nebula.widgets.timeline.tests 0.1.0-SNAPSHOT SUCCESS [  7.107 s]
[INFO] org.eclipse.nebula.widgets.timeline.feature 0.1.0-SNAPSHOT SUCCESS [  0.265 s]
[INFO] Nebula Examples View Feature 1.1.0-SNAPSHOT ........ SUCCESS [  0.244 s]
[INFO] Eclipse Nebula Feature 3.5.0-SNAPSHOT .............. SUCCESS [  0.747 s]
[INFO] Nebula Examples Feature 1.1.0-SNAPSHOT ............. SUCCESS [  0.626 s]
[INFO] Eclipse Nebula Feature 1.0.0-SNAPSHOT .............. SUCCESS [  0.166 s]
[INFO] Nebula Examples View Feature 1.0.0-SNAPSHOT ........ SUCCESS [  0.277 s]
[INFO] Eclipse Nebula Updates 1.0.0-SNAPSHOT .............. SUCCESS [  4.778 s]
[INFO] nebula-root 1.0.0-SNAPSHOT ......................... SUCCESS [  0.002 s]
[INFO] BUILD SUCCESS
