[INFO] Reactor Summary:
[INFO]
[INFO] nebula-parent 1.0.0-SNAPSHOT ....................... SUCCESS [  0.222 s]
[INFO] opal 1.0.0-SNAPSHOT ................................ SUCCESS [  0.006 s]
[INFO] commons 1.0.0-SNAPSHOT ............................. SUCCESS [  0.004 s]
[INFO] org.eclipse.nebula.widgets.opal.commons 1.0.0-SNAPSHOT SUCCESS [ 14.046 s]
[INFO] badgedlabel 1.0.0-SNAPSHOT ......................... SUCCESS [  0.005 s]
[INFO] org.eclipse.nebula.widgets.badgedlabel 1.1.0-SNAPSHOT SUCCESS [  0.222 s]
[INFO] Commons Feature 1.0.0-SNAPSHOT ..................... SUCCESS [  0.089 s]
[INFO] Nebula Badged Label Feature 1.1.0-SNAPSHOT ......... SUCCESS [  0.093 s]
[INFO] org.eclipse.nebula.widgets.badgedlabel.snippets 1.0.0-SNAPSHOT SUCCESS [  0.160 s]
[INFO] carousel 1.0.0-SNAPSHOT ............................ SUCCESS [  0.005 s]
[INFO] org.eclipse.nebula.widgets.carousel 1.0.0-SNAPSHOT . SUCCESS [  0.392 s]
[INFO] Nebula Carousel Feature 1.0.0-SNAPSHOT ............. SUCCESS [  0.116 s]
[INFO] org.eclipse.nebula.widgets.carousel.snippets 1.0.0-SNAPSHOT SUCCESS [  0.177 s]
[INFO] cwt 1.1.0-SNAPSHOT ................................. SUCCESS [  0.005 s]
[INFO] org.eclipse.nebula.cwt 1.2.0-SNAPSHOT .............. SUCCESS [  0.163 s]
[INFO] cdatetime 1.5.1-SNAPSHOT ........................... SUCCESS [  0.005 s]
[INFO] org.eclipse.nebula.widgets.cdatetime 1.6.0-SNAPSHOT  SUCCESS [  0.438 s]
[INFO] org.eclipse.nebula.jface.cdatetime 1.3.0-SNAPSHOT .. SUCCESS [  0.299 s]
[INFO] org.eclipse.nebula.examples 1.1.0-SNAPSHOT ......... SUCCESS [  0.698 s]
[INFO] org.eclipse.nebula.widgets.cdatetime.example 1.0.0-SNAPSHOT SUCCESS [  0.881 s]
[INFO] org.eclipse.nebula.widgets.cdatetime.snippets 1.0.0-SNAPSHOT SUCCESS [  0.375 s]
[INFO] org.eclipse.nebula.cwt.tests 1.0.0-SNAPSHOT ........ SUCCESS [  1.095 s]
[INFO] org.eclipse.nebula.widgets.cdatetime.css 1.0.0-SNAPSHOT SUCCESS [  0.277 s]
[INFO] org.eclipse.nebula.widgets.cdatetime.tests 1.0.0-SNAPSHOT SUCCESS [  0.649 s]
[INFO] org.eclipse.nebula.cwt.feature 1.2.0-SNAPSHOT ...... SUCCESS [  0.063 s]
[INFO] org.eclipse.nebula.widgets.cdatetime.feature 1.6.0-SNAPSHOT SUCCESS [  0.152 s]
[INFO] org.eclipse.nebula.widgets.cdatetime.example.e4 1.4.0-SNAPSHOT SUCCESS [  0.231 s]
[INFO] Nebula CDateTime CSS Feature 1.4.0-SNAPSHOT ........ SUCCESS [  0.123 s]
[INFO] chips 1.0.0-SNAPSHOT ............................... SUCCESS [  0.003 s]
[INFO] [bundle] Nebula Chips widget 2.0.0-SNAPSHOT ........ SUCCESS [  0.098 s]
[INFO] Nebula Chips Feature 1.0.0-SNAPSHOT ................ SUCCESS [  0.092 s]
[INFO] [bundle] Nebula Chips Snippets 1.0.0-SNAPSHOT ...... SUCCESS [  0.119 s]
[INFO] compositetable 1.0.0-SNAPSHOT ...................... SUCCESS [  0.003 s]
[INFO] org.eclipse.nebula.widgets.compositetable 1.1.0-SNAPSHOT SUCCESS [  0.156 s]
[INFO] org.eclipse.nebula.widgets.compositetable.tests 1.0.0-SNAPSHOT SUCCESS [  0.736 s]
[INFO] Nebula Composite Table Feature 1.1.0-SNAPSHOT ...... SUCCESS [  0.098 s]
[INFO] ctreecombo 1.0.0-SNAPSHOT .......................... SUCCESS [  0.003 s]
[INFO] org.eclipse.nebula.widgets.ctreecombo 1.0.0-SNAPSHOT SUCCESS [  0.235 s]
[INFO] CTreeCombo Feature 1.0.0-SNAPSHOT .................. SUCCESS [  0.117 s]
[INFO] org.eclipse.nebula.widgets.ctreecombo.snippets 1.0.0-SNAPSHOT SUCCESS [  0.143 s]
[INFO] org.eclipse.nebula.cwt.snippets 1.1.0-SNAPSHOT ..... SUCCESS [  0.089 s]
[INFO] effects 1.0.0-SNAPSHOT ............................. SUCCESS [  0.003 s]
[INFO] org.eclipse.nebula.effects.stw 1.0.0-SNAPSHOT ...... SUCCESS [  0.185 s]
[INFO] org.eclipse.nebula.effects.stw.example 1.0.0-SNAPSHOT SUCCESS [  0.272 s]
[INFO] Nebula State Transition Feature 1.0.0-SNAPSHOT ..... SUCCESS [  0.063 s]
[INFO] floatingtext 1.0.1-SNAPSHOT ........................ SUCCESS [  0.002 s]
[INFO] org.eclipse.nebula.widgets.floatingtext 1.0.1-SNAPSHOT SUCCESS [  0.087 s]
[INFO] org.eclipse.nebula.widgets.floatingtext.snippets 1.0.1-SNAPSHOT SUCCESS [  0.088 s]
[INFO] org.eclipse.nebula.widgets.floatingtext.feature 1.0.1-SNAPSHOT SUCCESS [  0.051 s]
[INFO] fontawesome 1.0.0-SNAPSHOT ......................... SUCCESS [  0.003 s]
[INFO] org.eclipse.nebula.widgets.fontawesome 1.0.0-SNAPSHOT SUCCESS [  0.089 s]
[INFO] Nebula FontAwesome Feature 1.0.0-SNAPSHOT .......... SUCCESS [  0.405 s]
[INFO] org.eclipse.nebula.widgets.fontawesome.snippets 1.0.0-SNAPSHOT SUCCESS [  0.097 s]
[INFO] formattedtext 1.0.0-SNAPSHOT ....................... SUCCESS [  0.002 s]
[INFO] org.eclipse.nebula.widgets.formattedtext 1.0.0-SNAPSHOT SUCCESS [  0.111 s]
[INFO] org.eclipse.nebula.widgets.formattedtext.tests 1.0.0-SNAPSHOT SUCCESS [  0.132 s]
[INFO] org.eclipse.nebula.widgets.formattedtext.feature 1.0.0-SNAPSHOT SUCCESS [  0.071 s]
[INFO] gallery 1.0.0-SNAPSHOT ............................. SUCCESS [  0.003 s]
[INFO] org.eclipse.nebula.widgets.gallery 1.1.0-SNAPSHOT .. SUCCESS [  0.138 s]
[INFO] org.eclipse.nebula.widgets.gallery.example 1.0.0-SNAPSHOT SUCCESS [  0.258 s]
[INFO] Nebula Gallery Feature 1.1.0-SNAPSHOT .............. SUCCESS [  0.046 s]
[INFO] org.eclipse.nebula.widgets.gallery.tests 1.0.0-SNAPSHOT SUCCESS [  0.314 s]
[INFO] ganttchart 1.0.0-SNAPSHOT .......................... SUCCESS [  0.003 s]
[INFO] org.eclipse.nebula.widgets.ganttchart 1.1.0-SNAPSHOT SUCCESS [  0.132 s]
[INFO] org.eclipse.nebula.widgets.ganttchart.example 1.0.0-SNAPSHOT SUCCESS [  0.274 s]
[INFO] Nebula Ganttchart Widget 1.1.0-SNAPSHOT ............ SUCCESS [  0.073 s]
[INFO] geomap 1.0.0-SNAPSHOT .............................. SUCCESS [  0.003 s]
[INFO] org.eclipse.nebula.widgets.geomap 1.1.0-SNAPSHOT ... SUCCESS [  0.138 s]
[INFO] org.eclipse.nebula.widgets.geomap.example 1.0.0-SNAPSHOT SUCCESS [  0.313 s]
[INFO] org.eclipse.nebula.widgets.geomap.feature 1.1.0-SNAPSHOT SUCCESS [  0.075 s]
[INFO] org.eclipse.nebula.widgets.geomap.snippets 1.0.0-SNAPSHOT SUCCESS [  0.223 s]
[INFO] grid 1.1.0-SNAPSHOT ................................ SUCCESS [  0.004 s]
[INFO] [bundle] Nebula Grid 1.2.1-SNAPSHOT ................ SUCCESS [  0.206 s]
[INFO] org.eclipse.nebula.widgets.grid.example 1.1.0-SNAPSHOT SUCCESS [  0.260 s]
[INFO] Nebula Grid Feature 1.1.0-SNAPSHOT ................. SUCCESS [  0.064 s]
[INFO] org.eclipse.nebula.widgets.grid.css 1.1.0-SNAPSHOT . SUCCESS [  0.135 s]
[INFO] Nebula Grid CSS Feature 1.1.0-SNAPSHOT ............. SUCCESS [  0.076 s]
[INFO] org.eclipse.nebula.widgets.grid.example.e4 1.1.0-SNAPSHOT SUCCESS [  0.115 s]
[INFO] org.eclipse.nebula.widgets.grid.test 0.4.0-SNAPSHOT  SUCCESS [  0.297 s]
[INFO] led 1.0.0-SNAPSHOT ................................. SUCCESS [  0.003 s]
[INFO] org.eclipse.nebula.widgets.led 1.1.0-SNAPSHOT ...... SUCCESS [  0.090 s]
[INFO] Nebula Badged Label Feature 1.1.0-SNAPSHOT ......... SUCCESS [  0.050 s]
[INFO] org.eclipse.nebula.widgets.led.snippets 1.1.0-SNAPSHOT SUCCESS [  0.071 s]
[INFO] nebulaslider 1.1.0-SNAPSHOT ........................ SUCCESS [  0.002 s]
[INFO] org.eclipse.nebula.widgets.nebulaslider 1.1.0-SNAPSHOT SUCCESS [  0.068 s]
[INFO] Nebula Slider Feature 1.1.0-SNAPSHOT ............... SUCCESS [  0.037 s]
[INFO] org.eclipse.nebula.widgets.nebulaslider.snippets 1.1.0-SNAPSHOT SUCCESS [  0.063 s]
[INFO] breadcrumb 1.0.0-SNAPSHOT .......................... SUCCESS [  0.001 s]
[INFO] org.eclipse.nebula.widgets.opal.breadcrumb 1.0.0-SNAPSHOT SUCCESS [  0.069 s]
[INFO] Breadcrumb Feature 1.0.0-SNAPSHOT .................. SUCCESS [  0.040 s]
[INFO] org.eclipse.nebula.widgets.opal.breadcrumb.snippets 1.0.0-SNAPSHOT SUCCESS [  0.072 s]
[INFO] checkboxgroup 1.0.0-SNAPSHOT ....................... SUCCESS [  0.001 s]
[INFO] org.eclipse.nebula.widgets.opal.checkboxgroup 1.0.0-SNAPSHOT SUCCESS [  0.082 s]
[INFO] CheckboxgroupFeature 1.0.0-SNAPSHOT ................ SUCCESS [  0.072 s]
[INFO] org.eclipse.nebula.widgets.opal.checkboxgroup.snippets 1.0.0-SNAPSHOT SUCCESS [  0.085 s]
[INFO] columnbrowser 1.0.0-SNAPSHOT ....................... SUCCESS [  0.002 s]
[INFO] org.eclipse.nebula.widgets.opal.columnbrowser 1.0.0-SNAPSHOT SUCCESS [  0.056 s]
[INFO] ColumnBrowser Feature 1.0.0-SNAPSHOT ............... SUCCESS [  0.034 s]
[INFO] dialog 1.0.0-SNAPSHOT .............................. SUCCESS [  0.001 s]
[INFO] org.eclipse.nebula.widgets.opal.dialog 1.1.0-SNAPSHOT SUCCESS [  0.064 s]
[INFO] org.eclipse.nebula.widgets.opal.columnbrowser.snippets 1.0.0-SNAPSHOT SUCCESS [  0.081 s]
[INFO] Dialog Feature 1.1.0-SNAPSHOT ...................... SUCCESS [  0.038 s]
[INFO] org.eclipse.nebula.widgets.opal.dialog.snippets 1.0.0-SNAPSHOT SUCCESS [  0.067 s]
[INFO] duallist 1.0.0-SNAPSHOT ............................ SUCCESS [  0.002 s]
[INFO] org.eclipse.nebula.widgets.opal.duallist 1.0.0-SNAPSHOT SUCCESS [  0.062 s]
[INFO] Duallist Feature 1.0.0-SNAPSHOT .................... SUCCESS [  0.033 s]
[INFO] org.eclipse.nebula.widgets.opal.duallist.snippets 1.0.0-SNAPSHOT SUCCESS [  0.063 s]
[INFO] header 1.0.0-SNAPSHOT .............................. SUCCESS [  0.002 s]
[INFO] org.eclipse.nebula.widgets.opal.header 1.1.0-SNAPSHOT SUCCESS [  0.071 s]
[INFO] Header Feature 1.1.0-SNAPSHOT ...................... SUCCESS [  0.042 s]
[INFO] org.eclipse.nebula.widgets.opal.header.snippets 1.0.0-SNAPSHOT SUCCESS [  0.114 s]
[INFO] heapmanager 1.0.0-SNAPSHOT ......................... SUCCESS [  0.002 s]
[INFO] org.eclipse.nebula.widgets.opal.heapmanager 1.0.0-SNAPSHOT SUCCESS [  0.082 s]
[INFO] HeapManagerFeature 1.0.0-SNAPSHOT .................. SUCCESS [  0.048 s]
[INFO] org.eclipse.nebula.widgets.opal.heapmanager.snippets 1.0.0-SNAPSHOT SUCCESS [  0.086 s]
[INFO] logindialog 1.0.0-SNAPSHOT ......................... SUCCESS [  0.002 s]
[INFO] org.eclipse.nebula.widgets.opal.logindialog 1.1.0-SNAPSHOT SUCCESS [  0.081 s]
[INFO] PromptSupport Feature 1.1.0-SNAPSHOT ............... SUCCESS [  0.053 s]
[INFO] org.eclipse.nebula.widgets.opal.logindialog.snippets 1.0.0-SNAPSHOT SUCCESS [  0.091 s]
[INFO] multichoice 1.1.0-SNAPSHOT ......................... SUCCESS [  0.002 s]
[INFO] org.eclipse.nebula.widgets.opal.multichoice 1.1.0-SNAPSHOT SUCCESS [  0.110 s]
[INFO] Multichoice Feature 1.1.0-SNAPSHOT ................. SUCCESS [  0.042 s]
[INFO] org.eclipse.nebula.widgets.opal.multichoice.snippets 1.1.0-SNAPSHOT SUCCESS [  0.100 s]
[INFO] notifier 1.0.0-SNAPSHOT ............................ SUCCESS [  0.003 s]
[INFO] org.eclipse.nebula.widgets.opal.notifier 1.1.0-SNAPSHOT SUCCESS [  0.089 s]
[INFO] Notifier Feature 1.1.0-SNAPSHOT .................... SUCCESS [  0.049 s]
[INFO] org.eclipse.nebula.widgets.opal.notifier.snippets 1.0.0-SNAPSHOT SUCCESS [  0.086 s]
[INFO] titledseparator 1.0.0-SNAPSHOT ..................... SUCCESS [  0.008 s]
[INFO] org.eclipse.nebula.widgets.opal.titledseparator 1.1.0-SNAPSHOT SUCCESS [  0.118 s]
[INFO] preferencewindow 1.0.0-SNAPSHOT .................... SUCCESS [  0.002 s]
[INFO] org.eclipse.nebula.widgets.opal.preferencewindow 1.1.0-SNAPSHOT SUCCESS [  0.117 s]
[INFO] TitledSeparator Feature 1.1.0-SNAPSHOT ............. SUCCESS [  0.048 s]
[INFO] Preference Window Feature 1.1.0-SNAPSHOT ........... SUCCESS [  0.044 s]
[INFO] org.eclipse.nebula.widgets.opal.preferencewindow.snippets 1.0.0-SNAPSHOT SUCCESS [  0.086 s]
[INFO] promptsupport 1.0.0-SNAPSHOT ....................... SUCCESS [  0.003 s]
[INFO] org.eclipse.nebula.widgets.opal.promptsupport 1.0.0-SNAPSHOT SUCCESS [  0.094 s]
[INFO] PromptSupport Feature 1.0.0-SNAPSHOT ............... SUCCESS [  0.044 s]
[INFO] org.eclipse.nebula.widgets.opal.promptsupport.snippets 1.0.0-SNAPSHOT SUCCESS [  0.084 s]
[INFO] propertytable 1.0.2-SNAPSHOT ....................... SUCCESS [  0.001 s]
[INFO] org.eclipse.nebula.widgets.opal.propertytable 1.1.0-SNAPSHOT SUCCESS [  0.080 s]
[INFO] Property Table Feature 1.1.0-SNAPSHOT .............. SUCCESS [  0.058 s]
[INFO] org.eclipse.nebula.widgets.opal.propertytable.snippets 1.0.2-SNAPSHOT SUCCESS [  0.084 s]
[INFO] rangeslider 1.0.0-SNAPSHOT ......................... SUCCESS [  0.002 s]
[INFO] org.eclipse.nebula.widgets.opal.rangeslider 1.0.0-SNAPSHOT SUCCESS [  0.076 s]
[INFO] Range Slider Feature 1.0.0-SNAPSHOT ................ SUCCESS [  0.046 s]
[INFO] org.eclipse.nebula.widgets.opal.rangeslider.snippets 1.0.0-SNAPSHOT SUCCESS [  0.116 s]
[INFO] starrating 1.0.0-SNAPSHOT .......................... SUCCESS [  0.002 s]
[INFO] org.eclipse.nebula.widgets.opal.starrating 1.0.0-SNAPSHOT SUCCESS [  0.082 s]
[INFO] Star Rating Feature 1.0.0-SNAPSHOT ................. SUCCESS [  0.047 s]
[INFO] org.eclipse.nebula.widgets.opal.starrating.snippets 1.0.0-SNAPSHOT SUCCESS [  0.081 s]
[INFO] textassist 1.0.0-SNAPSHOT .......................... SUCCESS [  0.001 s]
[INFO] org.eclipse.nebula.widgets.opal.textassist 1.0.0-SNAPSHOT SUCCESS [  0.351 s]
[INFO] TextAssist Feature 1.0.0-SNAPSHOT .................. SUCCESS [  0.054 s]
[INFO] org.eclipse.nebula.widgets.opal.textassist.snippets 1.0.0-SNAPSHOT SUCCESS [  0.098 s]
[INFO] tipoftheday 1.0.0-SNAPSHOT ......................... SUCCESS [  0.002 s]
[INFO] org.eclipse.nebula.widgets.opal.tipoftheday 1.0.0-SNAPSHOT SUCCESS [  0.110 s]
[INFO] Header Feature 1.0.0-SNAPSHOT ...................... SUCCESS [  0.048 s]
[INFO] org.eclipse.nebula.widgets.opal.tipoftheday.snippets 1.0.0-SNAPSHOT SUCCESS [  0.089 s]
[INFO] org.eclipse.nebula.widgets.opal.titledseparator.snippets 1.0.0-SNAPSHOT SUCCESS [  0.092 s]
[INFO] roundedtoolbar 1.0.0-SNAPSHOT ...................... SUCCESS [  0.002 s]
[INFO] org.eclipse.nebula.widgets.opal.roundedtoolbar 1.0.0-SNAPSHOT SUCCESS [  0.130 s]
[INFO] Header Feature 1.0.0-SNAPSHOT ...................... SUCCESS [  0.079 s]
[INFO] org.eclipse.nebula.widgets.opal.roundedtoolbar.snippets 1.0.0-SNAPSHOT SUCCESS [  0.234 s]
[INFO] calculator 1.0.0-SNAPSHOT .......................... SUCCESS [  0.005 s]
[INFO] org.eclipse.nebula.widgets.opal.calculator 1.1.0-SNAPSHOT SUCCESS [  0.138 s]
[INFO] Calculator Feature 1.1.0-SNAPSHOT .................. SUCCESS [  0.112 s]
[INFO] org.eclipse.nebula.widgets.opal.calculator.snippets 1.0.0-SNAPSHOT SUCCESS [  0.161 s]
[INFO] horizontalspinner 1.0.0-SNAPSHOT ................... SUCCESS [  0.002 s]
[INFO] org.eclipse.nebula.widgets.opal.horizontalspinner 1.0.0-SNAPSHOT SUCCESS [  0.092 s]
[INFO] horizontalspinner Feature 1.0.0-SNAPSHOT ........... SUCCESS [  0.056 s]
[INFO] org.eclipse.nebula.widgets.opal.horizontalspinner.snippets 1.0.0-SNAPSHOT SUCCESS [  0.094 s]
[INFO] launcher 1.0.0-SNAPSHOT ............................ SUCCESS [  0.002 s]
[INFO] org.eclipse.nebula.widgets.opal.launcher 1.0.0-SNAPSHOT SUCCESS [  0.094 s]
[INFO] Launcher Feature 1.0.0-SNAPSHOT .................... SUCCESS [  0.052 s]
[INFO] org.eclipse.nebula.widgets.opal.launcher.snippets 1.0.0-SNAPSHOT SUCCESS [  0.094 s]
[INFO] panels 1.0.0-SNAPSHOT .............................. SUCCESS [  0.002 s]
[INFO] org.eclipse.nebula.widgets.opal.panels 1.0.0-SNAPSHOT SUCCESS [  0.088 s]
[INFO] Panels Feature 1.0.0-SNAPSHOT ...................... SUCCESS [  0.051 s]
[INFO] org.eclipse.nebula.widgets.opal.panels.snippets 1.0.0-SNAPSHOT SUCCESS [  0.114 s]
[INFO] switchbutton 1.0.0-SNAPSHOT ........................ SUCCESS [  0.001 s]
[INFO] org.eclipse.nebula.widgets.opal.switchbutton 1.0.0-SNAPSHOT SUCCESS [  0.133 s]
[INFO] SwitchButton Feature 1.0.0-SNAPSHOT ................ SUCCESS [  0.049 s]
[INFO] org.eclipse.nebula.widgets.opal.switchbutton.snippets 1.0.0-SNAPSHOT SUCCESS [  0.129 s]
[INFO] oscilloscope 1.4.0-SNAPSHOT ........................ SUCCESS [  0.004 s]
[INFO] org.eclipse.nebula.widgets.oscilloscope 1.5.0-SNAPSHOT SUCCESS [  0.128 s]
[INFO] org.eclipse.nebula.widgets.oscilloscope.example 1.0.1-SNAPSHOT SUCCESS [  0.272 s]
[INFO] org.eclipse.nebula.widgets.oscilloscope.tests 1.0.0-SNAPSHOT SUCCESS [  0.308 s]
[INFO] Nebula Oscilloscope Widget 1.5.0-SNAPSHOT .......... SUCCESS [  0.069 s]
[INFO] org.eclipse.nebula.widgets.oscilloscope.css 1.4.0-SNAPSHOT SUCCESS [  0.123 s]
[INFO] org.eclipse.nebula.widgets.oscilloscope.example.e4 1.4.0-SNAPSHOT SUCCESS [  0.393 s]
[INFO] Nebula Oscilloscope CSS Feature 1.4.0-SNAPSHOT ..... SUCCESS [  0.084 s]
[INFO] paperclips 2.1.0-SNAPSHOT .......................... SUCCESS [  0.002 s]
[INFO] org.eclipse.nebula.paperclips.core 2.2.0-SNAPSHOT .. SUCCESS [  0.078 s]
[INFO] org.eclipse.nebula.paperclips.widgets 2.1.0-SNAPSHOT SUCCESS [  0.070 s]
[INFO] Nebula paperclips snippets 2.1.0-SNAPSHOT .......... SUCCESS [  0.059 s]
[INFO] org.eclipse.nebula.paperclips.tests 2.1.0-SNAPSHOT . SUCCESS [  0.216 s]
[INFO] Nebula Examples View Feature 2.2.0-SNAPSHOT ........ SUCCESS [  0.031 s]
[INFO] Nebula Paperclips Example 2.1.0-SNAPSHOT ........... SUCCESS [  0.169 s]
[INFO] passwordrevealer 1.0.0-SNAPSHOT .................... SUCCESS [  0.002 s]
[INFO] org.eclipse.nebula.widgets.passwordrevealer 1.1.0-SNAPSHOT SUCCESS [  0.085 s]
[INFO] Password Revealer Feature 1.1.0-SNAPSHOT ........... SUCCESS [  0.035 s]
[INFO] org.eclipse.nebula.widgets.passwordrevealer.snippets 1.0.0-SNAPSHOT SUCCESS [  0.055 s]
[INFO] pgroup 1.0.0-SNAPSHOT .............................. SUCCESS [  0.002 s]
[INFO] org.eclipse.nebula.widgets.pgroup 1.0.0-SNAPSHOT ... SUCCESS [  0.048 s]
[INFO] org.eclipse.nebula.widgets.pgroup.example 1.0.0-SNAPSHOT SUCCESS [  0.132 s]
[INFO] Nebula PGroup Feature 1.0.0-SNAPSHOT ............... SUCCESS [  0.029 s]
[INFO] progresscircle 1.0.0-SNAPSHOT ...................... SUCCESS [  0.001 s]
[INFO] org.eclipse.nebula.widgets.progresscircle 1.1.0-SNAPSHOT SUCCESS [  0.053 s]
[INFO] Progress Circle Feature 1.1.0-SNAPSHOT ............. SUCCESS [  0.030 s]
[INFO] org.eclipse.nebula.widgets.progresscircle.snippets 1.1.0-SNAPSHOT SUCCESS [  0.051 s]
[INFO] pshelf 1.0.0-SNAPSHOT .............................. SUCCESS [  0.001 s]
[INFO] org.eclipse.nebula.widgets.pshelf 1.2.0-SNAPSHOT ... SUCCESS [  0.074 s]
[INFO] org.eclipse.nebula.widgets.pshelf.example 1.0.0-SNAPSHOT SUCCESS [  0.169 s]
[INFO] org.eclipse.nebula.widgets.pshelf.css 1.1.0-SNAPSHOT SUCCESS [  0.105 s]
[INFO] Nebula PShelf Feature 1.1.0-SNAPSHOT ............... SUCCESS [  0.050 s]
[INFO] Nebula PShelf CSS Feature 1.1.0-SNAPSHOT ........... SUCCESS [  0.059 s]
[INFO] radiogroup 1.0.0-SNAPSHOT .......................... SUCCESS [  0.002 s]
[INFO] org.eclipse.nebula.widgets.radiogroup 1.0.0-SNAPSHOT SUCCESS [  0.084 s]
[INFO] org.eclipse.nebula.widgets.radiogroup.example 1.0.0-SNAPSHOT SUCCESS [  0.153 s]
[INFO] org.eclipse.nebula.widgets.radiogroup.tests 1.0.0-SNAPSHOT SUCCESS [  0.318 s]
[INFO] org.eclipse.nebula.widgets.radiogroup.feature 1.0.0-SNAPSHOT SUCCESS [  0.071 s]
[INFO] richtext 1.0.0-SNAPSHOT ............................ SUCCESS [  0.002 s]
[INFO] org.eclipse.nebula.widgets.richtext 1.7.0-SNAPSHOT . SUCCESS [  0.208 s]
[INFO] org.eclipse.nebula.widgets.richtext.example 1.7.0-SNAPSHOT SUCCESS [  0.115 s]
[INFO] org.eclipse.nebula.widgets.richtext.example.e4 1.7.0-SNAPSHOT SUCCESS [  0.134 s]
[INFO] Nebula RichText Widget 1.7.0-SNAPSHOT .............. SUCCESS [  0.043 s]
[INFO] roundedcheckbox 1.0.0-SNAPSHOT ..................... SUCCESS [  0.001 s]
[INFO] org.eclipse.nebula.widgets.roundedcheckbox 1.1.0-SNAPSHOT SUCCESS [  0.052 s]
[INFO] RoundedCheckbox Feature 1.1.0-SNAPSHOT ............. SUCCESS [  0.032 s]
[INFO] org.eclipse.nebula.widgets.roundedcheckbox.snippets 1.0.0-SNAPSHOT SUCCESS [  0.053 s]
[INFO] roundedswitch 1.0.0-SNAPSHOT ....................... SUCCESS [  0.001 s]
[INFO] org.eclipse.nebula.widgets.roundedswitch 1.1.0-SNAPSHOT SUCCESS [  0.076 s]
[INFO] Nebula Rounded Switch widget Feature 1.1.0-SNAPSHOT  SUCCESS [  0.080 s]
[INFO] org.eclipse.nebula.widgets.roundedswitch.snippets 1.0.0-SNAPSHOT SUCCESS [  0.083 s]
[INFO] org.eclipse.nebula.widgets.roundedswitch.css 1.0.0-SNAPSHOT SUCCESS [  0.120 s]
[INFO] org.eclipse.nebula.widgets.roundedswitch.example.e4 1.0.0-SNAPSHOT SUCCESS [  0.168 s]
[INFO] Nebula RoundedSwitch CSS Feature 1.0.0-SNAPSHOT .... SUCCESS [  0.084 s]
[INFO] segmentedbar 1.0.0-SNAPSHOT ........................ SUCCESS [  0.001 s]
[INFO] org.eclipse.nebula.widgets.segmentedbar 1.0.0-SNAPSHOT SUCCESS [  0.099 s]
[INFO] Nebula Segmented Bar widget Feature 1.0.0-SNAPSHOT . SUCCESS [  0.054 s]
[INFO] org.eclipse.nebula.widgets.segmentedbar.snippets 1.1.0-SNAPSHOT SUCCESS [  0.102 s]
[INFO] splitbutton 1.0.0-SNAPSHOT ......................... SUCCESS [  0.002 s]
[INFO] org.eclipse.nebula.widgets.splitbutton 1.0.0-SNAPSHOT SUCCESS [  0.086 s]
[INFO] Nebula SplitButton Feature 1.0.0-SNAPSHOT .......... SUCCESS [  0.047 s]
[INFO] org.eclipse.nebula.widgets.splitbutton.snippets 1.0.0-SNAPSHOT SUCCESS [  0.085 s]
[INFO] stepbar 1.0.0-SNAPSHOT ............................. SUCCESS [  0.002 s]
[INFO] org.eclipse.nebula.widgets.stepbar 1.0.0-SNAPSHOT .. SUCCESS [  0.105 s]
[INFO] Nebula Badged Label Feature 1.0.0-SNAPSHOT ......... SUCCESS [  0.051 s]
[INFO] org.eclipse.nebula.widgets.stepbar.snippets 1.0.0-SNAPSHOT SUCCESS [  0.085 s]
[INFO] tablecombo 1.3.0-SNAPSHOT .......................... SUCCESS [  0.002 s]
[INFO] org.eclipse.nebula.widgets.tablecombo 1.3.0-SNAPSHOT SUCCESS [  0.089 s]
[INFO] org.eclipse.nebula.widgets.tablecombo.example 1.3.0-SNAPSHOT SUCCESS [  0.213 s]
[INFO] Nebula TableCombo Feature 1.3.0-SNAPSHOT ........... SUCCESS [  0.055 s]
[INFO] org.eclipse.nebula.widgets.tablecombo.snippets 1.3.0-SNAPSHOT SUCCESS [  0.121 s]
[INFO] org.eclipse.nebula.widgets.tablecombo.test 1.3.0-SNAPSHOT SUCCESS [ 55.882 s]
[INFO] org.eclipse.nebula.widgets.tablecombo.css 1.3.0-SNAPSHOT SUCCESS [  0.378 s]
[INFO] org.eclipse.nebula.widgets.tablecombo.example.e4 1.3.0-SNAPSHOT SUCCESS [  0.369 s]
[INFO] Nebula Tablecombo CSS Feature 1.3.0-SNAPSHOT ....... SUCCESS [  0.072 s]
[INFO] tiles 1.0.0-SNAPSHOT ............................... SUCCESS [  0.001 s]
[INFO] org.eclipse.nebula.widgets.tiles 1.1.0-SNAPSHOT .... SUCCESS [  0.432 s]
[INFO] Nebula Tiles widget Feature 1.1.0-SNAPSHOT ......... SUCCESS [  0.101 s]
[INFO] org.eclipse.nebula.widgets.tiles.snippets 1.1.0-SNAPSHOT SUCCESS [  0.289 s]
[INFO] treemapper 1.0.0-SNAPSHOT .......................... SUCCESS [  0.004 s]
[INFO] org.eclipse.nebula.widgets.treemapper 1.0.0-SNAPSHOT SUCCESS [  0.438 s]
[INFO] org.eclipse.nebula.widgets.treemapper.examples 1.1.0-SNAPSHOT SUCCESS [  0.469 s]
[INFO] org.eclipse.nebula.widgets.treemapper.tests 1.0.0-SNAPSHOT SUCCESS [  0.583 s]
[INFO] org.eclipse.nebula.widgets.treemapper.feature 1.0.0-SNAPSHOT SUCCESS [  0.112 s]
[INFO] visualization 2.1.0-SNAPSHOT ....................... SUCCESS [  0.002 s]
[INFO] Nebula Visualization XY-Graph 3.2.0-SNAPSHOT ....... SUCCESS [  1.925 s]
[INFO] Nebula Visualization Widgets 1.1.0-SNAPSHOT ........ SUCCESS [  0.682 s]
[INFO] Nebula Visualization 2.2.0-SNAPSHOT ................ SUCCESS [  0.103 s]
[INFO] Nebula Visualization XY-Graph Example 1.1.0-SNAPSHOT SUCCESS [  0.476 s]
[INFO] org.eclipse.nebula.visualization.example 1.0.0-SNAPSHOT SUCCESS [  0.432 s]
[INFO] xviewer 1.1.0-SNAPSHOT ............................. SUCCESS [  0.003 s]
[INFO] org.eclipse.nebula.widgets.xviewer.core 1.0.0-SNAPSHOT SUCCESS [  0.419 s]
[INFO] org.eclipse.nebula.widgets.xviewer 1.1.0-SNAPSHOT .. SUCCESS [  1.572 s]
[INFO] org.eclipse.nebula.widgets.xviewer.example 1.0.0-SNAPSHOT SUCCESS [  0.632 s]
[INFO] org.eclipse.nebula.widgets.xviewer.tests 1.0.0-SNAPSHOT SUCCESS [  0.430 s]
[INFO] Nebula XViewer Feature 1.1.0-SNAPSHOT .............. SUCCESS [  0.142 s]
[INFO] calendarcombo 1.0.0-SNAPSHOT ....................... SUCCESS [  0.002 s]
[INFO] org.eclipse.nebula.widgets.calendarcombo 1.1.0-SNAPSHOT SUCCESS [  0.305 s]
[INFO] org.eclipse.nebula.widgets.calendarcombo.example 1.0.0-SNAPSHOT SUCCESS [  0.354 s]
[INFO] Nebula Calendar Combo Feature 1.1.0-SNAPSHOT ....... SUCCESS [  0.075 s]
[INFO] collapsiblebuttons 1.0.0-SNAPSHOT .................. SUCCESS [  0.001 s]
[INFO] Collapsible Buttons Widget 1.1.0-SNAPSHOT .......... SUCCESS [  0.205 s]
[INFO] org.eclipse.nebula.widgets.collapsiblebuttons.example 1.0.0-SNAPSHOT SUCCESS [  0.367 s]
[INFO] Eclipse Collabsible Buttons Feature 1.1.0-SNAPSHOT . SUCCESS [  0.059 s]
[INFO] datechooser 1.0.0-SNAPSHOT ......................... SUCCESS [  0.002 s]
[INFO] org.eclipse.nebula.widgets.datechooser 1.1.0-SNAPSHOT SUCCESS [  0.308 s]
[INFO] org.eclipse.nebula.widgets.datechooser.example 1.0.0-SNAPSHOT SUCCESS [  0.295 s]
[INFO] org.eclipse.nebula.widgets.datechooser.feature 1.1.0-SNAPSHOT SUCCESS [  0.083 s]
[INFO] pagination 1.0.0-SNAPSHOT .......................... SUCCESS [  0.002 s]
[INFO] org.eclipse.nebula.widgets.pagination 1.0.0-SNAPSHOT SUCCESS [  0.368 s]
[INFO] org.eclipse.nebula.widgets.pagination.example 1.0.0-SNAPSHOT SUCCESS [  0.320 s]
[INFO] Nebula Pagination Control 1.0.0-SNAPSHOT ........... SUCCESS [  0.067 s]
[INFO] org.eclipse.nebula.widgets.pagination.snippets 1.0.0-SNAPSHOT SUCCESS [  0.321 s]
[INFO] org.eclipse.nebula.widgets.pagination.tests 1.0.0-SNAPSHOT SUCCESS [  0.273 s]
[INFO] picture 1.0.0-SNAPSHOT ............................. SUCCESS [  0.001 s]
[INFO] org.eclipse.nebula.widgets.picture 1.0.0-SNAPSHOT .. SUCCESS [  0.206 s]
[INFO] org.eclipse.nebula.widgets.picture.example 1.0.0-SNAPSHOT SUCCESS [  0.343 s]
[INFO] Nebula Picture Control 1.0.0-SNAPSHOT .............. SUCCESS [  0.062 s]
[INFO] org.eclipse.nebula.widgets.picture.snippets 1.0.0-SNAPSHOT SUCCESS [  0.170 s]
[INFO] timeline 0.1.0-SNAPSHOT ............................ SUCCESS [  0.002 s]
[INFO] org.eclipse.nebula.widgets.timeline 0.1.0-SNAPSHOT . SUCCESS [  0.466 s]
[INFO] org.eclipse.nebula.widgets.timeline.example 0.1.0-SNAPSHOT SUCCESS [  0.304 s]
[INFO] org.eclipse.nebula.widgets.timeline.tests 0.1.0-SNAPSHOT SUCCESS [  0.350 s]
[INFO] org.eclipse.nebula.widgets.timeline.feature 0.1.0-SNAPSHOT SUCCESS [  0.054 s]
[INFO] Nebula Examples View Feature 1.1.0-SNAPSHOT ........ SUCCESS [  0.063 s]
[INFO] Eclipse Nebula Feature 3.5.0-SNAPSHOT .............. SUCCESS [  0.114 s]
[INFO] Nebula Examples Feature 1.1.0-SNAPSHOT ............. SUCCESS [  0.205 s]
[INFO] Eclipse Nebula Feature 1.0.0-SNAPSHOT .............. SUCCESS [  0.066 s]
[INFO] Nebula Examples View Feature 1.0.0-SNAPSHOT ........ SUCCESS [  0.136 s]
[INFO] Eclipse Nebula Updates 1.0.0-SNAPSHOT .............. SUCCESS [  0.283 s]
[INFO] nebula-root 1.0.0-SNAPSHOT ......................... SUCCESS [  0.000 s]
[INFO] ------------------------------------------------------------------------
[INFO] BUILD SUCCESS
[INFO] ------------------------------------------------------------------------
[INFO] Total time:  02:01 min
[INFO] Finished at: 2026-10-04T23:19:10-04:00
[INFO] ------------------------------------------------------------------------
