[INFO] Scanning for projects...
[INFO] 
[INFO] ----------< com.synexia.recipe:nebula-qualified-checkout-uri >----------
[INFO] Building nebula-qualified-checkout-uri 1.0-SNAPSHOT
[INFO]   from pom.xml
[INFO] --------------------------------[ pom ]---------------------------------
[INFO] 
[INFO] --- antrun:3.1.0:run (sealed-checkout-uri-source-replay) @ nebula-qualified-checkout-uri ---
[INFO] Executing tasks
[INFO]      [exec] VERIFIED Windows reparse custody: all planned source, target and ancestor paths
[INFO]      [exec] Traceback (most recent call last):
[INFO]      [exec]   File "S:\m3-nebula-portable-recipe-20261006\candidate/source_context.py", line 109, in <module>
[INFO]      [exec]     print('SOURCE_CONTEXT_EXACT paths=' + str(verify_context(sys.argv[1])), flush=True)
[INFO]      [exec]                                               ^^^^^^^^^^^^^^^^^^^^^^^^^^^
[INFO]      [exec]   File "S:\m3-nebula-portable-recipe-20261006\candidate/source_context.py", line 71, in verify_context
[INFO]      [exec]     assert path.is_file(), 'SOURCE_CONTEXT_ABSENT ' + row['path']
[INFO]      [exec]            ^^^^^^^^^^^^^^
[INFO]      [exec] AssertionError: SOURCE_CONTEXT_ABSENT .gitattributes
[INFO] ------------------------------------------------------------------------
[INFO] BUILD FAILURE
[INFO] ------------------------------------------------------------------------
[INFO] Total time:  1.119 s
[INFO] Finished at: 2026-10-06T11:08:17+05:30
[INFO] ------------------------------------------------------------------------
[ERROR] Failed to execute goal org.apache.maven.plugins:maven-antrun-plugin:3.1.0:run (sealed-checkout-uri-source-replay) on project nebula-qualified-checkout-uri: An Ant BuildException has occured: exec returned: 1
[ERROR] around Ant part ...<exec failonerror="true" executable="C:/Program Files/Python312/python.exe">... @ 648:81 in S:\m3-nebula-portable-recipe-20261006\candidate\target\antrun\build-main.xml
[ERROR] -> [Help 1]
[ERROR] 
[ERROR] To see the full stack trace of the errors, re-run Maven with the -e switch.
[ERROR] Re-run Maven using the -X switch to enable full debug logging.
[ERROR] 
[ERROR] For more information about the errors and possible solutions, please read the following articles:
[ERROR] [Help 1] http://cwiki.apache.org/confluence/display/MAVEN/MojoExecutionException
