[INFO] Scanning for projects...
[INFO] 
[INFO] ---------< com.synexia.recipe:nebula-fixture-writer-rehearsal >---------
[INFO] Building nebula-fixture-writer-rehearsal 1.0-SNAPSHOT
[INFO]   from pom.xml
[INFO] --------------------------------[ pom ]---------------------------------
[INFO] 
[INFO] --- antrun:3.1.0:run (sealed-checkout-uri-source-replay) @ nebula-fixture-writer-rehearsal ---
[INFO] Executing tasks
[INFO]      [exec] VERIFIED Windows reparse custody: all planned source, target and ancestor paths
[INFO]      [exec] FIXTURE_WRITER_CONTEXT_ONLY_NOT_FULL_OWNER_ADMISSION
[INFO]      [copy] Copying 1 file to S:\m3-nebula-portable-recipe-20261006\recipe-evidence-corrected-v4\tiny-source-root\releng\org.eclipse.nebula.nebula-parent
[INFO]      [copy] Copying 1 file to S:\m3-nebula-portable-recipe-20261006\recipe-evidence-corrected-v4\tiny-source-root\m3\qualified-mixed-original435-target
[WARNING]      [echo] FIXTURE_WRITER_ONLY_NOT_PRODUCTION_ADMISSION operation=apply pre=true post=false write=true; full314 relocated runtime pending
[INFO] Executed tasks
[INFO] ------------------------------------------------------------------------
[INFO] BUILD SUCCESS
[INFO] ------------------------------------------------------------------------
[INFO] Total time:  1.198 s
[INFO] Finished at: 2026-10-06T11:09:03+05:30
[INFO] ------------------------------------------------------------------------
