[INFO] Scanning for projects...
[INFO] ------------------------------------------------------------------------
[INFO] Reactor Build Order:
[INFO] 
[INFO] parent                                                             [pom]
[INFO] grid                                                               [pom]
[INFO] child                                                              [pom]
[INFO] aggregate                                                          [pom]
[INFO] 
[INFO] ----------------------------< proof:parent >----------------------------
[INFO] Building parent 1                                                  [1/4]
[INFO]   from releng\parent\pom.xml
[INFO] --------------------------------[ pom ]---------------------------------
[INFO] 
[INFO] --- antrun:3.1.0:run (default) @ parent ---
[INFO] Executing tasks
[INFO] Executed tasks
[INFO] 
[INFO] -----------------------------< proof:grid >-----------------------------
[INFO] Building grid 1                                                    [2/4]
[INFO]   from widgets\grid\pom.xml
[INFO] --------------------------------[ pom ]---------------------------------
[INFO] 
[INFO] --- antrun:3.1.0:run (default) @ grid ---
[INFO] Executing tasks
[INFO] Executed tasks
[INFO] 
[INFO] ----------------------------< proof:child >-----------------------------
[INFO] Building child 1                                                   [3/4]
[INFO]   from widgets\grid\child\pom.xml
[INFO] --------------------------------[ pom ]---------------------------------
[INFO] 
[INFO] --- antrun:3.1.0:run (default) @ child ---
[INFO] Executing tasks
[INFO] Executed tasks
[INFO] 
[INFO] --------------------------< proof:aggregate >---------------------------
[INFO] Building aggregate 1                                               [4/4]
[INFO]   from pom.xml
[INFO] --------------------------------[ pom ]---------------------------------
[INFO] ------------------------------------------------------------------------
[INFO] Reactor Summary for aggregate 1:
[INFO] 
[INFO] parent ............................................. SUCCESS [  0.266 s]
[INFO] grid ............................................... SUCCESS [  0.039 s]
[INFO] child .............................................. SUCCESS [  0.036 s]
[INFO] aggregate .......................................... SUCCESS [  0.000 s]
[INFO] ------------------------------------------------------------------------
[INFO] BUILD SUCCESS
[INFO] ------------------------------------------------------------------------
[INFO] Total time:  0.442 s
[INFO] Finished at: 2026-10-06T10:06:37+05:30
[INFO] ------------------------------------------------------------------------
